Archive member included to satisfy reference by file (symbol)

c:/chibistudio/tools/gnu tools arm embedded/7.0 2017q4/bin/../lib/gcc/arm-none-eabi/7.2.1/../../../../arm-none-eabi/lib/thumb/v7e-m\libg.a(lib_a-memcpy.o)
                              C:\Users\RAKIBU~1\AppData\Local\Temp\ccHwovGJ.ltrans0.ltrans.o (memcpy)

Discarded input sections

 .data          0x00000000        0x0 ./build/obj/crt0_v7m.o
 .bss           0x00000000        0x0 ./build/obj/crt0_v7m.o
 .data          0x00000000        0x0 ./build/obj/vectors.o
 .bss           0x00000000        0x0 ./build/obj/vectors.o
 .data          0x00000000        0x0 ./build/obj/chcoreasm_v7m.o
 .bss           0x00000000        0x0 ./build/obj/chcoreasm_v7m.o
 .text          0x00000000        0x0 C:\Users\RAKIBU~1\AppData\Local\Temp\ccHwovGJ.ltrans0.ltrans.o
 .data          0x00000000        0x0 C:\Users\RAKIBU~1\AppData\Local\Temp\ccHwovGJ.ltrans0.ltrans.o
 .bss           0x00000000        0x0 C:\Users\RAKIBU~1\AppData\Local\Temp\ccHwovGJ.ltrans0.ltrans.o
 .data          0x00000000        0x0 c:/chibistudio/tools/gnu tools arm embedded/7.0 2017q4/bin/../lib/gcc/arm-none-eabi/7.2.1/../../../../arm-none-eabi/lib/thumb/v7e-m\libg.a(lib_a-memcpy.o)
 .bss           0x00000000        0x0 c:/chibistudio/tools/gnu tools arm embedded/7.0 2017q4/bin/../lib/gcc/arm-none-eabi/7.2.1/../../../../arm-none-eabi/lib/thumb/v7e-m\libg.a(lib_a-memcpy.o)

Memory Configuration

Name             Origin             Length             Attributes
flash0           0x08000000         0x00100000         xr
flash1           0x00000000         0x00000000         xr
flash2           0x00000000         0x00000000         xr
flash3           0x00000000         0x00000000         xr
flash4           0x00000000         0x00000000         xr
flash5           0x00000000         0x00000000         xr
flash6           0x00000000         0x00000000         xr
flash7           0x00000000         0x00000000         xr
ram0             0x20000000         0x00020000         xw
ram1             0x20000000         0x0001c000         xw
ram2             0x2001c000         0x00004000         xw
ram3             0x00000000         0x00000000         xw
ram4             0x10000000         0x00010000         xw
ram5             0x40024000         0x00001000         xw
ram6             0x00000000         0x00000000         xw
ram7             0x00000000         0x00000000         xw
*default*        0x00000000         0xffffffff

Linker script and memory map

LOAD ./build/obj/crt0_v7m.o
LOAD ./build/obj/vectors.o
LOAD ./build/obj/chcoreasm_v7m.o
LOAD C:\Users\RAKIBU~1\AppData\Local\Temp\ccHwovGJ.ltrans0.ltrans.o

.mstack         0x20000000      0x400
                0x20000000                . = ALIGN (0x8)
                0x20000000                __main_stack_base__ = .
                0x20000400                . = (. + __main_stack_size__)
 *fill*         0x20000000      0x400 
                0x20000400                . = ALIGN (0x8)
                0x20000400                __main_stack_end__ = .

.pstack         0x20000400      0x400
                0x20000400                . = ALIGN (0x8)
                0x20000400                __process_stack_base__ = .
                0x20000400                __main_thread_stack_base__ = .
                0x20000800                . = (. + __process_stack_size__)
 *fill*         0x20000400      0x400 
                0x20000800                . = ALIGN (0x8)
                0x20000800                __process_stack_end__ = .
                0x20000800                __main_thread_stack_end__ = .

.vectors        0x08000000      0x1e0
 *(.vectors)
 .vectors       0x08000000      0x1e0 ./build/obj/vectors.o
                0x08000000                _vectors

.xtors          0x080001e0        0x0
                0x080001e0                __init_array_base__ = .
 *(SORT_BY_NAME(.init_array.*))
 *(.init_array)
                0x080001e0                __init_array_end__ = .
                0x080001e0                __fini_array_base__ = .
 *(.fini_array)
 *(SORT_BY_NAME(.fini_array.*))
                0x080001e0                __fini_array_end__ = .

.text           0x080001e0     0x1984
                0x080001e0                __text_base__ = .
 *(.text)
 .text          0x080001e0       0xd8 ./build/obj/crt0_v7m.o
                0x080001e0                _crt0_entry
 .text          0x080002b8        0x8 ./build/obj/vectors.o
                0x080002b8                Reset_Handler
                0x080002ba                VectorE8
                0x080002ba                Vector9C
                0x080002ba                VectorAC
                0x080002ba                DebugMon_Handler
                0x080002ba                Vector1A0
                0x080002ba                Vector5C
                0x080002ba                Vector11C
                0x080002ba                HardFault_Handler
                0x080002ba                Vector1B8
                0x080002ba                Vector19C
                0x080002ba                Vector8C
                0x080002ba                SysTick_Handler
                0x080002ba                VectorDC
                0x080002ba                PendSV_Handler
                0x080002ba                Vector168
                0x080002ba                NMI_Handler
                0x080002ba                Vector110
                0x080002ba                Vector120
                0x080002ba                Vector1D8
                0x080002ba                VectorC8
                0x080002ba                Vector94
                0x080002ba                VectorA8
                0x080002ba                VectorB4
                0x080002ba                Vector74
                0x080002ba                Vector160
                0x080002ba                Vector1B0
                0x080002ba                UsageFault_Handler
                0x080002ba                VectorEC
                0x080002ba                Vector40
                0x080002ba                VectorF8
                0x080002ba                Vector108
                0x080002ba                VectorBC
                0x080002ba                Vector190
                0x080002ba                Vector150
                0x080002ba                Vector124
                0x080002ba                Vector1C4
                0x080002ba                Vector1CC
                0x080002ba                Vector148
                0x080002ba                Vector188
                0x080002ba                Vector198
                0x080002ba                Vector118
                0x080002ba                Vector64
                0x080002ba                Vector58
                0x080002ba                VectorCC
                0x080002ba                Vector54
                0x080002ba                Vector98
                0x080002ba                VectorD8
                0x080002ba                Vector138
                0x080002ba                Vector24
                0x080002ba                Vector1AC
                0x080002ba                Vector178
                0x080002ba                Vector84
                0x080002ba                Vector1A4
                0x080002ba                VectorD0
                0x080002ba                Vector1B4
                0x080002ba                Vector140
                0x080002ba                VectorE4
                0x080002ba                VectorC0
                0x080002ba                Vector158
                0x080002ba                Vector130
                0x080002ba                Vector1C0
                0x080002ba                Vector134
                0x080002ba                Vector1D0
                0x080002ba                VectorF0
                0x080002ba                Vector12C
                0x080002ba                Vector13C
                0x080002ba                Vector100
                0x080002ba                VectorE0
                0x080002ba                VectorF4
                0x080002ba                MemManage_Handler
                0x080002ba                Vector6C
                0x080002ba                VectorA0
                0x080002ba                VectorC4
                0x080002ba                Vector7C
                0x080002ba                Vector180
                0x080002ba                Vector90
                0x080002ba                Vector114
                0x080002ba                Vector164
                0x080002ba                Vector60
                0x080002ba                Vector1C
                0x080002ba                Vector1BC
                0x080002ba                Vector1D4
                0x080002ba                Vector17C
                0x080002ba                Vector48
                0x080002ba                Vector1A8
                0x080002ba                Vector16C
                0x080002ba                Vector70
                0x080002ba                VectorD4
                0x080002ba                Vector4C
                0x080002ba                Vector144
                0x080002ba                Vector80
                0x080002ba                Vector68
                0x080002ba                Vector78
                0x080002ba                Vector18C
                0x080002ba                Vector170
                0x080002ba                Vector88
                0x080002ba                Vector104
                0x080002ba                Vector184
                0x080002ba                Vector10C
                0x080002ba                Vector14C
                0x080002ba                BusFault_Handler
                0x080002ba                Vector50
                0x080002ba                Vector1C8
                0x080002ba                Vector194
                0x080002ba                Vector1DC
                0x080002ba                Vector154
                0x080002ba                Vector44
                0x080002ba                Vector28
                0x080002ba                VectorB8
                0x080002ba                VectorFC
                0x080002ba                Vector34
                0x080002ba                Vector128
                0x080002ba                VectorA4
                0x080002ba                Vector20
                0x080002ba                Vector174
                0x080002be                _unhandled_exception
 .text          0x080002c0       0x2a ./build/obj/chcoreasm_v7m.o
                0x080002c0                _port_switch
                0x080002d0                _port_thread_start
                0x080002e2                _port_switch_from_isr
                0x080002e6                _port_exit_from_isr
 *fill*         0x080002ea        0x2 
 .text          0x080002ec      0x134 c:/chibistudio/tools/gnu tools arm embedded/7.0 2017q4/bin/../lib/gcc/arm-none-eabi/7.2.1/../../../../arm-none-eabi/lib/thumb/v7e-m\libg.a(lib_a-memcpy.o)
                0x080002ec                memcpy
 *(.text.*)
 .text._pal_lld_setgroupmode.constprop.10
                0x08000420       0x90 C:\Users\RAKIBU~1\AppData\Local\Temp\ccHwovGJ.ltrans0.ltrans.o
 .text.chCoreAllocFromTop
                0x080004b0       0x3c C:\Users\RAKIBU~1\AppData\Local\Temp\ccHwovGJ.ltrans0.ltrans.o
 *fill*         0x080004ec        0x4 
 .text.notify6  0x080004f0       0x10 C:\Users\RAKIBU~1\AppData\Local\Temp\ccHwovGJ.ltrans0.ltrans.o
 .text._port_irq_epilogue
                0x08000500       0x4c C:\Users\RAKIBU~1\AppData\Local\Temp\ccHwovGJ.ltrans0.ltrans.o
 *fill*         0x0800054c        0x4 
 .text.chCoreAllocAlignedI
                0x08000550       0x28 C:\Users\RAKIBU~1\AppData\Local\Temp\ccHwovGJ.ltrans0.ltrans.o
 *fill*         0x08000578        0x8 
 .text.chTMStopMeasurementX
                0x08000580       0x44 C:\Users\RAKIBU~1\AppData\Local\Temp\ccHwovGJ.ltrans0.ltrans.o
 *fill*         0x080005c4        0xc 
 .text.chTMStartMeasurementX
                0x080005d0        0xc C:\Users\RAKIBU~1\AppData\Local\Temp\ccHwovGJ.ltrans0.ltrans.o
 *fill*         0x080005dc        0x4 
 .text.wakeup   0x080005e0       0x70 C:\Users\RAKIBU~1\AppData\Local\Temp\ccHwovGJ.ltrans0.ltrans.o
 .text.chSchReadyI
                0x08000650       0x28 C:\Users\RAKIBU~1\AppData\Local\Temp\ccHwovGJ.ltrans0.ltrans.o
 *fill*         0x08000678        0x8 
 .text.chEvtBroadcastFlagsI.constprop.12
                0x08000680       0x60 C:\Users\RAKIBU~1\AppData\Local\Temp\ccHwovGJ.ltrans0.ltrans.o
 .text._idle_thread
                0x080006e0        0x4 C:\Users\RAKIBU~1\AppData\Local\Temp\ccHwovGJ.ltrans0.ltrans.o
 *fill*         0x080006e4        0xc 
 .text._ctl     0x080006f0        0x4 C:\Users\RAKIBU~1\AppData\Local\Temp\ccHwovGJ.ltrans0.ltrans.o
 *fill*         0x080006f4        0xc 
 .text.chSchGoSleepS
                0x08000700       0x28 C:\Users\RAKIBU~1\AppData\Local\Temp\ccHwovGJ.ltrans0.ltrans.o
 *fill*         0x08000728        0x8 
 .text.chSchGoSleepTimeoutS
                0x08000730      0x118 C:\Users\RAKIBU~1\AppData\Local\Temp\ccHwovGJ.ltrans0.ltrans.o
 *fill*         0x08000848        0x8 
 .text.chThdEnqueueTimeoutS
                0x08000850       0x28 C:\Users\RAKIBU~1\AppData\Local\Temp\ccHwovGJ.ltrans0.ltrans.o
 *fill*         0x08000878        0x8 
 .text.oqPutTimeout
                0x08000880       0x50 C:\Users\RAKIBU~1\AppData\Local\Temp\ccHwovGJ.ltrans0.ltrans.o
 .text._putt    0x080008d0        0x8 C:\Users\RAKIBU~1\AppData\Local\Temp\ccHwovGJ.ltrans0.ltrans.o
 *fill*         0x080008d8        0x8 
 .text._put     0x080008e0        0xc C:\Users\RAKIBU~1\AppData\Local\Temp\ccHwovGJ.ltrans0.ltrans.o
 *fill*         0x080008ec        0x4 
 .text.iqGetTimeout
                0x080008f0       0x54 C:\Users\RAKIBU~1\AppData\Local\Temp\ccHwovGJ.ltrans0.ltrans.o
 *fill*         0x08000944        0xc 
 .text._gett    0x08000950        0x8 C:\Users\RAKIBU~1\AppData\Local\Temp\ccHwovGJ.ltrans0.ltrans.o
 *fill*         0x08000958        0x8 
 .text._get     0x08000960        0xc C:\Users\RAKIBU~1\AppData\Local\Temp\ccHwovGJ.ltrans0.ltrans.o
 *fill*         0x0800096c        0x4 
 .text.myPrintf
                0x08000970      0x410 C:\Users\RAKIBU~1\AppData\Local\Temp\ccHwovGJ.ltrans0.ltrans.o
 .text.oqWriteTimeout
                0x08000d80       0xcc C:\Users\RAKIBU~1\AppData\Local\Temp\ccHwovGJ.ltrans0.ltrans.o
 *fill*         0x08000e4c        0x4 
 .text._writet  0x08000e50        0x8 C:\Users\RAKIBU~1\AppData\Local\Temp\ccHwovGJ.ltrans0.ltrans.o
 *fill*         0x08000e58        0x8 
 .text._write   0x08000e60        0xc C:\Users\RAKIBU~1\AppData\Local\Temp\ccHwovGJ.ltrans0.ltrans.o
 *fill*         0x08000e6c        0x4 
 .text.iqReadTimeout
                0x08000e70       0xcc C:\Users\RAKIBU~1\AppData\Local\Temp\ccHwovGJ.ltrans0.ltrans.o
 *fill*         0x08000f3c        0x4 
 .text._readt   0x08000f40        0x8 C:\Users\RAKIBU~1\AppData\Local\Temp\ccHwovGJ.ltrans0.ltrans.o
 *fill*         0x08000f48        0x8 
 .text._read    0x08000f50        0xc C:\Users\RAKIBU~1\AppData\Local\Temp\ccHwovGJ.ltrans0.ltrans.o
 *fill*         0x08000f5c        0x4 
 .text.startup.main
                0x08000f60      0x5d8 C:\Users\RAKIBU~1\AppData\Local\Temp\ccHwovGJ.ltrans0.ltrans.o
                0x08000f60                main
 *fill*         0x08001538        0x8 
 .text.SVC_Handler
                0x08001540       0x14 C:\Users\RAKIBU~1\AppData\Local\Temp\ccHwovGJ.ltrans0.ltrans.o
                0x08001540                SVC_Handler
 *fill*         0x08001554        0xc 
 .text.chThdExit
                0x08001560       0x50 C:\Users\RAKIBU~1\AppData\Local\Temp\ccHwovGJ.ltrans0.ltrans.o
                0x08001560                chThdExit
 .text.chSchDoReschedule
                0x080015b0       0x40 C:\Users\RAKIBU~1\AppData\Local\Temp\ccHwovGJ.ltrans0.ltrans.o
                0x080015b0                chSchDoReschedule
 .text.__early_init
                0x080015f0      0x268 C:\Users\RAKIBU~1\AppData\Local\Temp\ccHwovGJ.ltrans0.ltrans.o
                0x080015f0                __early_init
 *fill*         0x08001858        0x8 
 .text.Vector15C
                0x08001860      0x1b4 C:\Users\RAKIBU~1\AppData\Local\Temp\ccHwovGJ.ltrans0.ltrans.o
                0x08001860                Vector15C
 *fill*         0x08001a14        0xc 
 .text.VectorB0
                0x08001a20       0xa4 C:\Users\RAKIBU~1\AppData\Local\Temp\ccHwovGJ.ltrans0.ltrans.o
                0x08001a20                VectorB0
 *fill*         0x08001ac4        0xc 
 .text.__init_ram_areas
                0x08001ad0       0x68 C:\Users\RAKIBU~1\AppData\Local\Temp\ccHwovGJ.ltrans0.ltrans.o
                0x08001ad0                __init_ram_areas
 *fill*         0x08001b38        0x8 
 .text.__default_exit
                0x08001b40        0x4 C:\Users\RAKIBU~1\AppData\Local\Temp\ccHwovGJ.ltrans0.ltrans.o
                0x08001b40                __default_exit
 *fill*         0x08001b44        0xc 
 .text.__late_init
                0x08001b50        0x4 C:\Users\RAKIBU~1\AppData\Local\Temp\ccHwovGJ.ltrans0.ltrans.o
                0x08001b50                __late_init
 *fill*         0x08001b54        0xc 
 .text.__core_init
                0x08001b60        0x4 C:\Users\RAKIBU~1\AppData\Local\Temp\ccHwovGJ.ltrans0.ltrans.o
                0x08001b60                __core_init
 *(.glue_7t)
 .glue_7t       0x08001b64        0x0 linker stubs
 *(.glue_7)
 .glue_7        0x08001b64        0x0 linker stubs
 *(.gcc*)
                0x08001b64                __text_end__ = .

.vfp11_veneer   0x08001b64        0x0
 .vfp11_veneer  0x08001b64        0x0 linker stubs

.v4_bx          0x08001b64        0x0
 .v4_bx         0x08001b64        0x0 linker stubs

.iplt           0x08001b64        0x0
 .iplt          0x08001b64        0x0 ./build/obj/crt0_v7m.o

.rodata         0x08001b64      0x170
                0x08001b64                __rodata_base__ = .
 *(.rodata)
 *(.rodata.*)
 .rodata.ch_debug
                0x08001b64       0x16 C:\Users\RAKIBU~1\AppData\Local\Temp\ccHwovGJ.ltrans0.ltrans.o
 *fill*         0x08001b7a        0x2 
 .rodata.main.str1.4
                0x08001b7c       0xa6 C:\Users\RAKIBU~1\AppData\Local\Temp\ccHwovGJ.ltrans0.ltrans.o
 *fill*         0x08001c22        0x2 
 .rodata.myPrintf.str1.4
                0x08001c24        0x8 C:\Users\RAKIBU~1\AppData\Local\Temp\ccHwovGJ.ltrans0.ltrans.o
                                  0x7 (size before relaxing)
 .rodata.ram_areas
                0x08001c2c       0x80 C:\Users\RAKIBU~1\AppData\Local\Temp\ccHwovGJ.ltrans0.ltrans.o
 .rodata.vmt    0x08001cac       0x28 C:\Users\RAKIBU~1\AppData\Local\Temp\ccHwovGJ.ltrans0.ltrans.o
                0x08001cd4                . = ALIGN (0x4)
                0x08001cd4                __rodata_end__ = .

.rel.dyn        0x08001cd4        0x0
 .rel.iplt      0x08001cd4        0x0 ./build/obj/crt0_v7m.o

.ARM.extab
 *(.ARM.extab* .gnu.linkonce.armextab.*)

.ARM.exidx      0x08001cd4        0x0
                0x08001cd4                __exidx_base__ = .
                0x08001cd4                __exidx_start = .
 *(.ARM.exidx* .gnu.linkonce.armexidx.*)
                0x08001cd4                __exidx_end__ = .
                0x08001cd4                __exidx_end = .

.eh_frame_hdr
 *(.eh_frame_hdr)

.eh_frame
 *(.eh_frame)

.data           0x20000800        0x0 load address 0x08001cd4
                [!provide]                PROVIDE (_textdata, LOADADDR (.data))
                [!provide]                PROVIDE (_data, .)
                0x08001cd4                __textdata_base__ = LOADADDR (.data)
                0x20000800                __data_base__ = .
 *(.data)
 *(.data.*)
 *(.ramtext)
                0x20000800                . = ALIGN (0x4)
                [!provide]                PROVIDE (_edata, .)
                0x20000800                __data_end__ = .

.igot.plt       0x20000800        0x0 load address 0x08001cd4
 .igot.plt      0x20000800        0x0 ./build/obj/crt0_v7m.o

.bss            0x20000800      0x63c load address 0x08001cd4
                0x20000800                __bss_base__ = .
 *(.bss)
 *(.bss.*)
 .bss.SD6       0x20000800       0x7c C:\Users\RAKIBU~1\AppData\Local\Temp\ccHwovGJ.ltrans0.ltrans.o
 .bss.ch        0x2000087c       0x78 C:\Users\RAKIBU~1\AppData\Local\Temp\ccHwovGJ.ltrans0.ltrans.o
 .bss.ch_factory
                0x200008f4       0x48 C:\Users\RAKIBU~1\AppData\Local\Temp\ccHwovGJ.ltrans0.ltrans.o
 *fill*         0x2000093c        0x4 
 .bss.ch_idle_thread_wa
                0x20000940       0xd8 C:\Users\RAKIBU~1\AppData\Local\Temp\ccHwovGJ.ltrans0.ltrans.o
 .bss.ch_memcore
                0x20000a18        0x8 C:\Users\RAKIBU~1\AppData\Local\Temp\ccHwovGJ.ltrans0.ltrans.o
 .bss.crcTable  0x20000a20      0x400 C:\Users\RAKIBU~1\AppData\Local\Temp\ccHwovGJ.ltrans0.ltrans.o
 .bss.default_heap
                0x20000e20       0x1c C:\Users\RAKIBU~1\AppData\Local\Temp\ccHwovGJ.ltrans0.ltrans.o
 *(COMMON)
                0x20000e3c                . = ALIGN (0x4)
                0x20000e3c                __bss_end__ = .
                [!provide]                PROVIDE (end, .)
                0x20000000                __ram0_base__ = ORIGIN (ram0)
                0x00020000                __ram0_size__ = LENGTH (ram0)
                0x20020000                __ram0_end__ = (__ram0_base__ + __ram0_size__)
                0x20000000                __ram1_base__ = ORIGIN (ram1)
                0x0001c000                __ram1_size__ = LENGTH (ram1)
                0x2001c000                __ram1_end__ = (__ram1_base__ + __ram1_size__)
                0x2001c000                __ram2_base__ = ORIGIN (ram2)
                0x00004000                __ram2_size__ = LENGTH (ram2)
                0x20020000                __ram2_end__ = (__ram2_base__ + __ram2_size__)
                0x00000000                __ram3_base__ = ORIGIN (ram3)
                0x00000000                __ram3_size__ = LENGTH (ram3)
                0x00000000                __ram3_end__ = (__ram3_base__ + __ram3_size__)
                0x10000000                __ram4_base__ = ORIGIN (ram4)
                0x00010000                __ram4_size__ = LENGTH (ram4)
                0x10010000                __ram4_end__ = (__ram4_base__ + __ram4_size__)
                0x40024000                __ram5_base__ = ORIGIN (ram5)
                0x00001000                __ram5_size__ = LENGTH (ram5)
                0x40025000                __ram5_end__ = (__ram5_base__ + __ram5_size__)
                0x00000000                __ram6_base__ = ORIGIN (ram6)
                0x00000000                __ram6_size__ = LENGTH (ram6)
                0x00000000                __ram6_end__ = (__ram6_base__ + __ram6_size__)
                0x00000000                __ram7_base__ = ORIGIN (ram7)
                0x00000000                __ram7_size__ = LENGTH (ram7)
                0x00000000                __ram7_end__ = (__ram7_base__ + __ram7_size__)
                0x08000000                __flash0_base__ = ORIGIN (flash0)
                0x00100000                __flash0_size__ = LENGTH (flash0)
                0x08100000                __flash0_end__ = (__flash0_base__ + __flash0_size__)
                0x00000000                __flash1_base__ = ORIGIN (flash1)
                0x00000000                __flash1_size__ = LENGTH (flash1)
                0x00000000                __flash1_end__ = (__flash1_base__ + __flash1_size__)
                0x00000000                __flash2_base__ = ORIGIN (flash2)
                0x00000000                __flash2_size__ = LENGTH (flash2)
                0x00000000                __flash2_end__ = (__flash2_base__ + __flash2_size__)
                0x00000000                __flash3_base__ = ORIGIN (flash3)
                0x00000000                __flash3_size__ = LENGTH (flash3)
                0x00000000                __flash3_end__ = (__flash3_base__ + __flash3_size__)
                0x00000000                __flash4_base__ = ORIGIN (flash4)
                0x00000000                __flash4_size__ = LENGTH (flash4)
                0x00000000                __flash4_end__ = (__flash4_base__ + __flash4_size__)
                0x00000000                __flash5_base__ = ORIGIN (flash5)
                0x00000000                __flash5_size__ = LENGTH (flash5)
                0x00000000                __flash5_end__ = (__flash5_base__ + __flash5_size__)
                0x00000000                __flash6_base__ = ORIGIN (flash6)
                0x00000000                __flash6_size__ = LENGTH (flash6)
                0x00000000                __flash6_end__ = (__flash6_base__ + __flash6_size__)
                0x00000000                __flash7_base__ = ORIGIN (flash7)
                0x00000000                __flash7_size__ = LENGTH (flash7)
                0x00000000                __flash7_end__ = (__flash7_base__ + __flash7_size__)

.ram0_init      0x20000e3c        0x0 load address 0x08001cd4
                0x08001cd4                __ram0_init_text__ = LOADADDR (.ram0_init)
                0x20000e3c                __ram0_init__ = .
 *(.ram0_init)
 *(.ram0_init.*)
                0x20000e3c                . = ALIGN (0x4)

.ram0           0x20000e3c        0x0 load address 0x08001cd4
                0x20000e3c                __ram0_clear__ = .
 *(.ram0_clear)
 *(.ram0_clear.*)
                0x20000e3c                . = ALIGN (0x4)
                0x20000e3c                __ram0_noinit__ = .
 *(.ram0)
 *(.ram0.*)
                0x20000e3c                . = ALIGN (0x4)
                0x20000e3c                __ram0_free__ = .

.ram1_init      0x20000000        0x0 load address 0x08001cd4
                0x08001cd4                __ram1_init_text__ = LOADADDR (.ram1_init)
                0x20000000                __ram1_init__ = .
 *(.ram1_init)
 *(.ram1_init.*)
                0x20000000                . = ALIGN (0x4)

.ram1           0x20000000        0x0 load address 0x08001cd4
                0x20000000                __ram1_clear__ = .
 *(.ram1_clear)
 *(.ram1_clear.*)
                0x20000000                . = ALIGN (0x4)
                0x20000000                __ram1_noinit__ = .
 *(.ram1)
 *(.ram1.*)
                0x20000000                . = ALIGN (0x4)
                0x20000000                __ram1_free__ = .

.ram2_init      0x2001c000        0x0 load address 0x08001cd4
                0x08001cd4                __ram2_init_text__ = LOADADDR (.ram2_init)
                0x2001c000                __ram2_init__ = .
 *(.ram2_init)
 *(.ram2_init.*)
                0x2001c000                . = ALIGN (0x4)

.ram2           0x2001c000        0x0 load address 0x08001cd4
                0x2001c000                __ram2_clear__ = .
 *(.ram2_clear)
 *(.ram2_clear.*)
                0x2001c000                . = ALIGN (0x4)
                0x2001c000                __ram2_noinit__ = .
 *(.ram2)
 *(.ram2.*)
                0x2001c000                . = ALIGN (0x4)
                0x2001c000                __ram2_free__ = .

.ram3_init      0x00000000        0x0 load address 0x08001cd4
                0x08001cd4                __ram3_init_text__ = LOADADDR (.ram3_init)
                0x00000000                __ram3_init__ = .
 *(.ram3_init)
 *(.ram3_init.*)
                0x00000000                . = ALIGN (0x4)

.ram3           0x00000000        0x0 load address 0x08001cd4
                0x00000000                __ram3_clear__ = .
 *(.ram3_clear)
 *(.ram3_clear.*)
                0x00000000                . = ALIGN (0x4)
                0x00000000                __ram3_noinit__ = .
 *(.ram3)
 *(.ram3.*)
                0x00000000                . = ALIGN (0x4)
                0x00000000                __ram3_free__ = .

.ram4_init      0x10000000        0x0 load address 0x08001cd4
                0x08001cd4                __ram4_init_text__ = LOADADDR (.ram4_init)
                0x10000000                __ram4_init__ = .
 *(.ram4_init)
 *(.ram4_init.*)
                0x10000000                . = ALIGN (0x4)

.ram4           0x10000000        0x0 load address 0x08001cd4
                0x10000000                __ram4_clear__ = .
 *(.ram4_clear)
 *(.ram4_clear.*)
                0x10000000                . = ALIGN (0x4)
                0x10000000                __ram4_noinit__ = .
 *(.ram4)
 *(.ram4.*)
                0x10000000                . = ALIGN (0x4)
                0x10000000                __ram4_free__ = .

.ram5_init      0x40024000        0x0 load address 0x08001cd4
                0x08001cd4                __ram5_init_text__ = LOADADDR (.ram5_init)
                0x40024000                __ram5_init__ = .
 *(.ram5_init)
 *(.ram5_init.*)
                0x40024000                . = ALIGN (0x4)

.ram5           0x40024000        0x0 load address 0x08001cd4
                0x40024000                __ram5_clear__ = .
 *(.ram5_clear)
 *(.ram5_clear.*)
                0x40024000                . = ALIGN (0x4)
                0x40024000                __ram5_noinit__ = .
 *(.ram5)
 *(.ram5.*)
                0x40024000                . = ALIGN (0x4)
                0x40024000                __ram5_free__ = .

.ram6_init      0x00000000        0x0 load address 0x08001cd4
                0x08001cd4                __ram6_init_text__ = LOADADDR (.ram6_init)
                0x00000000                __ram6_init__ = .
 *(.ram6_init)
 *(.ram6_init.*)
                0x00000000                . = ALIGN (0x4)

.ram6           0x00000000        0x0 load address 0x08001cd4
                0x00000000                __ram6_clear__ = .
 *(.ram6_clear)
 *(.ram6_clear.*)
                0x00000000                . = ALIGN (0x4)
                0x00000000                __ram6_noinit__ = .
 *(.ram6)
 *(.ram6.*)
                0x00000000                . = ALIGN (0x4)
                0x00000000                __ram6_free__ = .

.ram7_init      0x00000000        0x0 load address 0x08001cd4
                0x08001cd4                __ram7_init_text__ = LOADADDR (.ram7_init)
                0x00000000                __ram7_init__ = .
 *(.ram7_init)
 *(.ram7_init.*)
                0x00000000                . = ALIGN (0x4)

.ram7           0x00000000        0x0 load address 0x08001cd4
                0x00000000                __ram7_clear__ = .
 *(.ram7_clear)
 *(.ram7_clear.*)
                0x00000000                . = ALIGN (0x4)
                0x00000000                __ram7_noinit__ = .
 *(.ram7)
 *(.ram7.*)
                0x00000000                . = ALIGN (0x4)
                0x00000000                __ram7_free__ = .

.flash0         0x08001cd4        0x0
                0x08001cd4                __flash0_init__ = .
 *(.flash0_init)
 *(.flash0_init.*)
                0x08001cd4                __flash0_free__ = .

.flash1         0x00000000        0x0
                0x00000000                __flash1_init__ = .
 *(.flash1_init)
 *(.flash1_init.*)
                0x00000000                __flash1_free__ = .

.flash2         0x00000000        0x0
                0x00000000                __flash2_init__ = .
 *(.flash2_init)
 *(.flash2_init.*)
                0x00000000                __flash2_free__ = .

.flash3         0x00000000        0x0
                0x00000000                __flash3_init__ = .
 *(.flash3_init)
 *(.flash3_init.*)
                0x00000000                __flash3_free__ = .

.flash4         0x00000000        0x0
                0x00000000                __flash4_init__ = .
 *(.flash4_init)
 *(.flash4_init.*)
                0x00000000                __flash4_free__ = .

.flash5         0x00000000        0x0
                0x00000000                __flash5_init__ = .
 *(.flash5_init)
 *(.flash5_init.*)
                0x00000000                __flash5_free__ = .

.flash6         0x00000000        0x0
                0x00000000                __flash6_init__ = .
 *(.flash6_init)
 *(.flash6_init.*)
                0x00000000                __flash6_free__ = .

.flash7         0x00000000        0x0
                0x00000000                __flash7_init__ = .
 *(.flash7_init)
 *(.flash7_init.*)
                0x00000000                __flash7_free__ = .

.heap           0x20000e3c    0x1f1c4
                0x20000e40                . = ALIGN (0x8)
 *fill*         0x20000e3c        0x4 
                0x20000e40                __heap_base__ = .
                0x20020000                . = (ORIGIN (HEAP_RAM) + LENGTH (HEAP_RAM))
 *fill*         0x20000e40    0x1f1c0 
                0x20020000                __heap_end__ = .
                0x00000400                __process_stack_size__ = 0x400
                0x00000400                __main_stack_size__ = 0x400
START GROUP
LOAD c:/chibistudio/tools/gnu tools arm embedded/7.0 2017q4/bin/../lib/gcc/arm-none-eabi/7.2.1/thumb/v7e-m\libgcc.a
LOAD c:/chibistudio/tools/gnu tools arm embedded/7.0 2017q4/bin/../lib/gcc/arm-none-eabi/7.2.1/../../../../arm-none-eabi/lib/thumb/v7e-m\libg.a
LOAD c:/chibistudio/tools/gnu tools arm embedded/7.0 2017q4/bin/../lib/gcc/arm-none-eabi/7.2.1/../../../../arm-none-eabi/lib/thumb/v7e-m\libc.a
END GROUP
OUTPUT(build/ch.elf elf32-littlearm)

.ARM.attributes
                0x00000000       0x2d
 .ARM.attributes
                0x00000000       0x21 ./build/obj/crt0_v7m.o
 .ARM.attributes
                0x00000021       0x21 ./build/obj/vectors.o
 .ARM.attributes
                0x00000042       0x21 ./build/obj/chcoreasm_v7m.o
 .ARM.attributes
                0x00000063       0x31 C:\Users\RAKIBU~1\AppData\Local\Temp\ccHwovGJ.ltrans0.ltrans.o
 .ARM.attributes
                0x00000094       0x1c c:/chibistudio/tools/gnu tools arm embedded/7.0 2017q4/bin/../lib/gcc/arm-none-eabi/7.2.1/../../../../arm-none-eabi/lib/thumb/v7e-m\libg.a(lib_a-memcpy.o)

.comment        0x00000000       0x7e
 .comment       0x00000000       0x7e C:\Users\RAKIBU~1\AppData\Local\Temp\ccHwovGJ.ltrans0.ltrans.o
                                 0x7f (size before relaxing)

.debug_line     0x00000000     0x1959
 .debug_line    0x00000000       0xcd ./build/obj/crt0_v7m.o
 .debug_line    0x000000cd       0x77 ./build/obj/vectors.o
 .debug_line    0x00000144       0x8e ./build/obj/chcoreasm_v7m.o
 .debug_line    0x000001d2     0x1787 C:\Users\RAKIBU~1\AppData\Local\Temp\ccHwovGJ.ltrans0.ltrans.o

.debug_info     0x00000000     0x64b8
 .debug_info    0x00000000       0x26 ./build/obj/crt0_v7m.o
 .debug_info    0x00000026       0x26 ./build/obj/vectors.o
 .debug_info    0x0000004c       0x26 ./build/obj/chcoreasm_v7m.o
 .debug_info    0x00000072     0x6446 C:\Users\RAKIBU~1\AppData\Local\Temp\ccHwovGJ.ltrans0.ltrans.o

.debug_abbrev   0x00000000      0x74d
 .debug_abbrev  0x00000000       0x14 ./build/obj/crt0_v7m.o
 .debug_abbrev  0x00000014       0x14 ./build/obj/vectors.o
 .debug_abbrev  0x00000028       0x14 ./build/obj/chcoreasm_v7m.o
 .debug_abbrev  0x0000003c      0x711 C:\Users\RAKIBU~1\AppData\Local\Temp\ccHwovGJ.ltrans0.ltrans.o

.debug_aranges  0x00000000      0x1a8
 .debug_aranges
                0x00000000       0x20 ./build/obj/crt0_v7m.o
 .debug_aranges
                0x00000020       0x20 ./build/obj/vectors.o
 .debug_aranges
                0x00000040       0x20 ./build/obj/chcoreasm_v7m.o
 .debug_aranges
                0x00000060      0x148 C:\Users\RAKIBU~1\AppData\Local\Temp\ccHwovGJ.ltrans0.ltrans.o

.debug_str      0x00000000     0x1d35
 .debug_str     0x00000000       0x8b ./build/obj/crt0_v7m.o
 .debug_str     0x0000008b       0x42 ./build/obj/vectors.o
                                 0x8a (size before relaxing)
 .debug_str     0x000000cd       0x46 ./build/obj/chcoreasm_v7m.o
                                 0x8e (size before relaxing)
 .debug_str     0x00000113     0x1c22 C:\Users\RAKIBU~1\AppData\Local\Temp\ccHwovGJ.ltrans0.ltrans.o
                               0x1db8 (size before relaxing)

.debug_loc      0x00000000     0x34c8
 .debug_loc     0x00000000     0x34c8 C:\Users\RAKIBU~1\AppData\Local\Temp\ccHwovGJ.ltrans0.ltrans.o

.debug_ranges   0x00000000     0x11e8
 .debug_ranges  0x00000000     0x11e8 C:\Users\RAKIBU~1\AppData\Local\Temp\ccHwovGJ.ltrans0.ltrans.o

.debug_frame    0x00000000      0x464
 .debug_frame   0x00000000      0x464 C:\Users\RAKIBU~1\AppData\Local\Temp\ccHwovGJ.ltrans0.ltrans.o

Cross Reference Table

Symbol                                            File
BusFault_Handler                                  ./build/obj/vectors.o
DebugMon_Handler                                  ./build/obj/vectors.o
HardFault_Handler                                 ./build/obj/vectors.o
MemManage_Handler                                 ./build/obj/vectors.o
NMI_Handler                                       ./build/obj/vectors.o
PendSV_Handler                                    ./build/obj/vectors.o
Reset_Handler                                     ./build/obj/vectors.o
SD6                                               ./build/obj/hal_serial_lld.o (symbol from plugin)
                                                  ./build/obj/main.o (symbol from plugin)
SVC_Handler                                       C:\Users\RAKIBU~1\AppData\Local\Temp\ccHwovGJ.ltrans0.ltrans.o
                                                  ./build/obj/chcore_v7m.o (symbol from plugin)
                                                  ./build/obj/vectors.o
SysTick_Handler                                   ./build/obj/vectors.o
SystemCoreClock                                   ./build/obj/hal_lld.o (symbol from plugin)
UsageFault_Handler                                ./build/obj/vectors.o
Vector100                                         ./build/obj/vectors.o
Vector104                                         ./build/obj/vectors.o
Vector108                                         ./build/obj/vectors.o
Vector10C                                         ./build/obj/vectors.o
Vector110                                         ./build/obj/vectors.o
Vector114                                         ./build/obj/vectors.o
Vector118                                         ./build/obj/vectors.o
Vector11C                                         ./build/obj/vectors.o
Vector120                                         ./build/obj/vectors.o
Vector124                                         ./build/obj/vectors.o
Vector128                                         ./build/obj/vectors.o
Vector12C                                         ./build/obj/vectors.o
Vector130                                         ./build/obj/vectors.o
Vector134                                         ./build/obj/vectors.o
Vector138                                         ./build/obj/vectors.o
Vector13C                                         ./build/obj/vectors.o
Vector140                                         ./build/obj/vectors.o
Vector144                                         ./build/obj/vectors.o
Vector148                                         ./build/obj/vectors.o
Vector14C                                         ./build/obj/vectors.o
Vector150                                         ./build/obj/vectors.o
Vector154                                         ./build/obj/vectors.o
Vector158                                         ./build/obj/vectors.o
Vector15C                                         C:\Users\RAKIBU~1\AppData\Local\Temp\ccHwovGJ.ltrans0.ltrans.o
                                                  ./build/obj/hal_serial_lld.o (symbol from plugin)
                                                  ./build/obj/vectors.o
Vector160                                         ./build/obj/vectors.o
Vector164                                         ./build/obj/vectors.o
Vector168                                         ./build/obj/vectors.o
Vector16C                                         ./build/obj/vectors.o
Vector170                                         ./build/obj/vectors.o
Vector174                                         ./build/obj/vectors.o
Vector178                                         ./build/obj/vectors.o
Vector17C                                         ./build/obj/vectors.o
Vector180                                         ./build/obj/vectors.o
Vector184                                         ./build/obj/vectors.o
Vector188                                         ./build/obj/vectors.o
Vector18C                                         ./build/obj/vectors.o
Vector190                                         ./build/obj/vectors.o
Vector194                                         ./build/obj/vectors.o
Vector198                                         ./build/obj/vectors.o
Vector19C                                         ./build/obj/vectors.o
Vector1A0                                         ./build/obj/vectors.o
Vector1A4                                         ./build/obj/vectors.o
Vector1A8                                         ./build/obj/vectors.o
Vector1AC                                         ./build/obj/vectors.o
Vector1B0                                         ./build/obj/vectors.o
Vector1B4                                         ./build/obj/vectors.o
Vector1B8                                         ./build/obj/vectors.o
Vector1BC                                         ./build/obj/vectors.o
Vector1C                                          ./build/obj/vectors.o
Vector1C0                                         ./build/obj/vectors.o
Vector1C4                                         ./build/obj/vectors.o
Vector1C8                                         ./build/obj/vectors.o
Vector1CC                                         ./build/obj/vectors.o
Vector1D0                                         ./build/obj/vectors.o
Vector1D4                                         ./build/obj/vectors.o
Vector1D8                                         ./build/obj/vectors.o
Vector1DC                                         ./build/obj/vectors.o
Vector20                                          ./build/obj/vectors.o
Vector24                                          ./build/obj/vectors.o
Vector28                                          ./build/obj/vectors.o
Vector34                                          ./build/obj/vectors.o
Vector40                                          ./build/obj/vectors.o
Vector44                                          ./build/obj/vectors.o
Vector48                                          ./build/obj/vectors.o
Vector4C                                          ./build/obj/vectors.o
Vector50                                          ./build/obj/vectors.o
Vector54                                          ./build/obj/vectors.o
Vector58                                          ./build/obj/vectors.o
Vector5C                                          ./build/obj/vectors.o
Vector60                                          ./build/obj/vectors.o
Vector64                                          ./build/obj/vectors.o
Vector68                                          ./build/obj/vectors.o
Vector6C                                          ./build/obj/vectors.o
Vector70                                          ./build/obj/vectors.o
Vector74                                          ./build/obj/vectors.o
Vector78                                          ./build/obj/vectors.o
Vector7C                                          ./build/obj/vectors.o
Vector80                                          ./build/obj/vectors.o
Vector84                                          ./build/obj/vectors.o
Vector88                                          ./build/obj/vectors.o
Vector8C                                          ./build/obj/vectors.o
Vector90                                          ./build/obj/vectors.o
Vector94                                          ./build/obj/vectors.o
Vector98                                          ./build/obj/vectors.o
Vector9C                                          ./build/obj/vectors.o
VectorA0                                          ./build/obj/vectors.o
VectorA4                                          ./build/obj/vectors.o
VectorA8                                          ./build/obj/vectors.o
VectorAC                                          ./build/obj/vectors.o
VectorB0                                          C:\Users\RAKIBU~1\AppData\Local\Temp\ccHwovGJ.ltrans0.ltrans.o
                                                  ./build/obj/hal_st_lld.o (symbol from plugin)
                                                  ./build/obj/vectors.o
VectorB4                                          ./build/obj/vectors.o
VectorB8                                          ./build/obj/vectors.o
VectorBC                                          ./build/obj/vectors.o
VectorC0                                          ./build/obj/vectors.o
VectorC4                                          ./build/obj/vectors.o
VectorC8                                          ./build/obj/vectors.o
VectorCC                                          ./build/obj/vectors.o
VectorD0                                          ./build/obj/vectors.o
VectorD4                                          ./build/obj/vectors.o
VectorD8                                          ./build/obj/vectors.o
VectorDC                                          ./build/obj/vectors.o
VectorE0                                          ./build/obj/vectors.o
VectorE4                                          ./build/obj/vectors.o
VectorE8                                          ./build/obj/vectors.o
VectorEC                                          ./build/obj/vectors.o
VectorF0                                          ./build/obj/vectors.o
VectorF4                                          ./build/obj/vectors.o
VectorF8                                          ./build/obj/vectors.o
VectorFC                                          ./build/obj/vectors.o
__bss_base__                                      ./build/obj/crt0_v7m.o
__bss_end__                                       ./build/obj/crt0_v7m.o
__ch_delegate_fn0                                 ./build/obj/chdelegates.o (symbol from plugin)
__ch_delegate_fn1                                 ./build/obj/chdelegates.o (symbol from plugin)
__ch_delegate_fn2                                 ./build/obj/chdelegates.o (symbol from plugin)
__ch_delegate_fn3                                 ./build/obj/chdelegates.o (symbol from plugin)
__ch_delegate_fn4                                 ./build/obj/chdelegates.o (symbol from plugin)
__core_init                                       C:\Users\RAKIBU~1\AppData\Local\Temp\ccHwovGJ.ltrans0.ltrans.o
                                                  ./build/obj/crt1.o (symbol from plugin)
                                                  ./build/obj/crt0_v7m.o
__data_base__                                     ./build/obj/crt0_v7m.o
__data_end__                                      ./build/obj/crt0_v7m.o
__default_exit                                    C:\Users\RAKIBU~1\AppData\Local\Temp\ccHwovGJ.ltrans0.ltrans.o
                                                  ./build/obj/crt1.o (symbol from plugin)
                                                  ./build/obj/crt0_v7m.o
__early_init                                      C:\Users\RAKIBU~1\AppData\Local\Temp\ccHwovGJ.ltrans0.ltrans.o
                                                  ./build/obj/board.o (symbol from plugin)
                                                  ./build/obj/crt1.o (symbol from plugin)
                                                  ./build/obj/crt0_v7m.o
__fini_array_base__                               ./build/obj/crt0_v7m.o
__fini_array_end__                                ./build/obj/crt0_v7m.o
__heap_base__                                     C:\Users\RAKIBU~1\AppData\Local\Temp\ccHwovGJ.ltrans0.ltrans.o
                                                  ./build/obj/chmemcore.o (symbol from plugin)
__heap_end__                                      C:\Users\RAKIBU~1\AppData\Local\Temp\ccHwovGJ.ltrans0.ltrans.o
                                                  ./build/obj/chmemcore.o (symbol from plugin)
__init_array_base__                               ./build/obj/crt0_v7m.o
__init_array_end__                                ./build/obj/crt0_v7m.o
__init_ram_areas                                  C:\Users\RAKIBU~1\AppData\Local\Temp\ccHwovGJ.ltrans0.ltrans.o
                                                  ./build/obj/crt1.o (symbol from plugin)
                                                  ./build/obj/crt0_v7m.o
__late_init                                       C:\Users\RAKIBU~1\AppData\Local\Temp\ccHwovGJ.ltrans0.ltrans.o
                                                  ./build/obj/crt1.o (symbol from plugin)
                                                  ./build/obj/crt0_v7m.o
__main_stack_base__                               ./build/obj/crt0_v7m.o
__main_stack_end__                                ./build/obj/vectors.o
                                                  ./build/obj/crt0_v7m.o
__process_stack_base__                            ./build/obj/crt0_v7m.o
__process_stack_end__                             ./build/obj/crt0_v7m.o
__ram0_clear__                                    C:\Users\RAKIBU~1\AppData\Local\Temp\ccHwovGJ.ltrans0.ltrans.o
                                                  ./build/obj/crt1.o (symbol from plugin)
__ram0_init__                                     C:\Users\RAKIBU~1\AppData\Local\Temp\ccHwovGJ.ltrans0.ltrans.o
                                                  ./build/obj/crt1.o (symbol from plugin)
__ram0_init_text__                                C:\Users\RAKIBU~1\AppData\Local\Temp\ccHwovGJ.ltrans0.ltrans.o
                                                  ./build/obj/crt1.o (symbol from plugin)
__ram0_noinit__                                   C:\Users\RAKIBU~1\AppData\Local\Temp\ccHwovGJ.ltrans0.ltrans.o
                                                  ./build/obj/crt1.o (symbol from plugin)
__ram1_clear__                                    C:\Users\RAKIBU~1\AppData\Local\Temp\ccHwovGJ.ltrans0.ltrans.o
                                                  ./build/obj/crt1.o (symbol from plugin)
__ram1_init__                                     C:\Users\RAKIBU~1\AppData\Local\Temp\ccHwovGJ.ltrans0.ltrans.o
                                                  ./build/obj/crt1.o (symbol from plugin)
__ram1_init_text__                                C:\Users\RAKIBU~1\AppData\Local\Temp\ccHwovGJ.ltrans0.ltrans.o
                                                  ./build/obj/crt1.o (symbol from plugin)
__ram1_noinit__                                   C:\Users\RAKIBU~1\AppData\Local\Temp\ccHwovGJ.ltrans0.ltrans.o
                                                  ./build/obj/crt1.o (symbol from plugin)
__ram2_clear__                                    C:\Users\RAKIBU~1\AppData\Local\Temp\ccHwovGJ.ltrans0.ltrans.o
                                                  ./build/obj/crt1.o (symbol from plugin)
__ram2_init__                                     C:\Users\RAKIBU~1\AppData\Local\Temp\ccHwovGJ.ltrans0.ltrans.o
                                                  ./build/obj/crt1.o (symbol from plugin)
__ram2_init_text__                                C:\Users\RAKIBU~1\AppData\Local\Temp\ccHwovGJ.ltrans0.ltrans.o
                                                  ./build/obj/crt1.o (symbol from plugin)
__ram2_noinit__                                   C:\Users\RAKIBU~1\AppData\Local\Temp\ccHwovGJ.ltrans0.ltrans.o
                                                  ./build/obj/crt1.o (symbol from plugin)
__ram3_clear__                                    C:\Users\RAKIBU~1\AppData\Local\Temp\ccHwovGJ.ltrans0.ltrans.o
                                                  ./build/obj/crt1.o (symbol from plugin)
__ram3_init__                                     C:\Users\RAKIBU~1\AppData\Local\Temp\ccHwovGJ.ltrans0.ltrans.o
                                                  ./build/obj/crt1.o (symbol from plugin)
__ram3_init_text__                                C:\Users\RAKIBU~1\AppData\Local\Temp\ccHwovGJ.ltrans0.ltrans.o
                                                  ./build/obj/crt1.o (symbol from plugin)
__ram3_noinit__                                   C:\Users\RAKIBU~1\AppData\Local\Temp\ccHwovGJ.ltrans0.ltrans.o
                                                  ./build/obj/crt1.o (symbol from plugin)
__ram4_clear__                                    C:\Users\RAKIBU~1\AppData\Local\Temp\ccHwovGJ.ltrans0.ltrans.o
                                                  ./build/obj/crt1.o (symbol from plugin)
__ram4_init__                                     C:\Users\RAKIBU~1\AppData\Local\Temp\ccHwovGJ.ltrans0.ltrans.o
                                                  ./build/obj/crt1.o (symbol from plugin)
__ram4_init_text__                                C:\Users\RAKIBU~1\AppData\Local\Temp\ccHwovGJ.ltrans0.ltrans.o
                                                  ./build/obj/crt1.o (symbol from plugin)
__ram4_noinit__                                   C:\Users\RAKIBU~1\AppData\Local\Temp\ccHwovGJ.ltrans0.ltrans.o
                                                  ./build/obj/crt1.o (symbol from plugin)
__ram5_clear__                                    C:\Users\RAKIBU~1\AppData\Local\Temp\ccHwovGJ.ltrans0.ltrans.o
                                                  ./build/obj/crt1.o (symbol from plugin)
__ram5_init__                                     C:\Users\RAKIBU~1\AppData\Local\Temp\ccHwovGJ.ltrans0.ltrans.o
                                                  ./build/obj/crt1.o (symbol from plugin)
__ram5_init_text__                                C:\Users\RAKIBU~1\AppData\Local\Temp\ccHwovGJ.ltrans0.ltrans.o
                                                  ./build/obj/crt1.o (symbol from plugin)
__ram5_noinit__                                   C:\Users\RAKIBU~1\AppData\Local\Temp\ccHwovGJ.ltrans0.ltrans.o
                                                  ./build/obj/crt1.o (symbol from plugin)
__ram6_clear__                                    C:\Users\RAKIBU~1\AppData\Local\Temp\ccHwovGJ.ltrans0.ltrans.o
                                                  ./build/obj/crt1.o (symbol from plugin)
__ram6_init__                                     C:\Users\RAKIBU~1\AppData\Local\Temp\ccHwovGJ.ltrans0.ltrans.o
                                                  ./build/obj/crt1.o (symbol from plugin)
__ram6_init_text__                                C:\Users\RAKIBU~1\AppData\Local\Temp\ccHwovGJ.ltrans0.ltrans.o
                                                  ./build/obj/crt1.o (symbol from plugin)
__ram6_noinit__                                   C:\Users\RAKIBU~1\AppData\Local\Temp\ccHwovGJ.ltrans0.ltrans.o
                                                  ./build/obj/crt1.o (symbol from plugin)
__ram7_clear__                                    C:\Users\RAKIBU~1\AppData\Local\Temp\ccHwovGJ.ltrans0.ltrans.o
                                                  ./build/obj/crt1.o (symbol from plugin)
__ram7_init__                                     C:\Users\RAKIBU~1\AppData\Local\Temp\ccHwovGJ.ltrans0.ltrans.o
                                                  ./build/obj/crt1.o (symbol from plugin)
__ram7_init_text__                                C:\Users\RAKIBU~1\AppData\Local\Temp\ccHwovGJ.ltrans0.ltrans.o
                                                  ./build/obj/crt1.o (symbol from plugin)
__ram7_noinit__                                   C:\Users\RAKIBU~1\AppData\Local\Temp\ccHwovGJ.ltrans0.ltrans.o
                                                  ./build/obj/crt1.o (symbol from plugin)
__textdata_base__                                 ./build/obj/crt0_v7m.o
_core_init                                        ./build/obj/chmemcore.o (symbol from plugin)
                                                  ./build/obj/chsys.o (symbol from plugin)
_crt0_entry                                       ./build/obj/crt0_v7m.o
                                                  ./build/obj/vectors.o
_factory_init                                     ./build/obj/chfactory.o (symbol from plugin)
                                                  ./build/obj/chsys.o (symbol from plugin)
_heap_init                                        ./build/obj/chmemheaps.o (symbol from plugin)
                                                  ./build/obj/chsys.o (symbol from plugin)
_pal_lld_init                                     ./build/obj/hal_pal_lld.o (symbol from plugin)
                                                  ./build/obj/hal.o (symbol from plugin)
_pal_lld_setgroupmode                             ./build/obj/hal_pal_lld.o (symbol from plugin)
                                                  ./build/obj/main.o (symbol from plugin)
                                                  ./build/obj/hal_pal.o (symbol from plugin)
_port_exit_from_isr                               ./build/obj/chcoreasm_v7m.o
                                                  C:\Users\RAKIBU~1\AppData\Local\Temp\ccHwovGJ.ltrans0.ltrans.o
                                                  ./build/obj/chcore_v7m.o (symbol from plugin)
_port_irq_epilogue                                ./build/obj/chcore_v7m.o (symbol from plugin)
                                                  ./build/obj/hal_serial_lld.o (symbol from plugin)
                                                  ./build/obj/hal_st_lld.o (symbol from plugin)
_port_switch                                      ./build/obj/chcoreasm_v7m.o
                                                  C:\Users\RAKIBU~1\AppData\Local\Temp\ccHwovGJ.ltrans0.ltrans.o
                                                  ./build/obj/chschd.o (symbol from plugin)
_port_switch_from_isr                             ./build/obj/chcoreasm_v7m.o
                                                  C:\Users\RAKIBU~1\AppData\Local\Temp\ccHwovGJ.ltrans0.ltrans.o
                                                  ./build/obj/chcore_v7m.o (symbol from plugin)
_port_thread_start                                ./build/obj/chcoreasm_v7m.o
                                                  C:\Users\RAKIBU~1\AppData\Local\Temp\ccHwovGJ.ltrans0.ltrans.o
                                                  ./build/obj/chthreads.o (symbol from plugin)
_scheduler_init                                   ./build/obj/chschd.o (symbol from plugin)
                                                  ./build/obj/chsys.o (symbol from plugin)
_thread_init                                      ./build/obj/chthreads.o (symbol from plugin)
                                                  ./build/obj/chsys.o (symbol from plugin)
_tm_init                                          ./build/obj/chtm.o (symbol from plugin)
                                                  ./build/obj/chsys.o (symbol from plugin)
_unhandled_exception                              ./build/obj/vectors.o
_vectors                                          ./build/obj/vectors.o
                                                  ./build/obj/crt0_v7m.o
_vt_init                                          ./build/obj/chvt.o (symbol from plugin)
                                                  ./build/obj/chsys.o (symbol from plugin)
boardInit                                         ./build/obj/board.o (symbol from plugin)
                                                  ./build/obj/hal.o (symbol from plugin)
ch                                                ./build/obj/chschd.o (symbol from plugin)
                                                  ./build/obj/chmsg.o (symbol from plugin)
                                                  ./build/obj/chevents.o (symbol from plugin)
                                                  ./build/obj/chcond.o (symbol from plugin)
                                                  ./build/obj/chmtx.o (symbol from plugin)
                                                  ./build/obj/chsem.o (symbol from plugin)
                                                  ./build/obj/chregistry.o (symbol from plugin)
                                                  ./build/obj/chtm.o (symbol from plugin)
                                                  ./build/obj/chthreads.o (symbol from plugin)
                                                  ./build/obj/chvt.o (symbol from plugin)
                                                  ./build/obj/chsys.o (symbol from plugin)
chCacheGetObject                                  ./build/obj/chobjcaches.o (symbol from plugin)
chCacheObjectInit                                 ./build/obj/chobjcaches.o (symbol from plugin)
chCacheReadObject                                 ./build/obj/chobjcaches.o (symbol from plugin)
chCacheReleaseObjectI                             ./build/obj/chobjcaches.o (symbol from plugin)
chCacheWriteObject                                ./build/obj/chobjcaches.o (symbol from plugin)
chCondBroadcast                                   ./build/obj/chcond.o (symbol from plugin)
chCondBroadcastI                                  ./build/obj/chcond.o (symbol from plugin)
chCondObjectInit                                  ./build/obj/chcond.o (symbol from plugin)
chCondSignal                                      ./build/obj/chcond.o (symbol from plugin)
chCondSignalI                                     ./build/obj/chcond.o (symbol from plugin)
chCondWait                                        ./build/obj/chcond.o (symbol from plugin)
chCondWaitS                                       ./build/obj/chcond.o (symbol from plugin)
chCondWaitTimeout                                 ./build/obj/chcond.o (symbol from plugin)
chCondWaitTimeoutS                                ./build/obj/chcond.o (symbol from plugin)
chCoreAllocFromBase                               ./build/obj/chmemcore.o (symbol from plugin)
chCoreAllocFromBaseI                              ./build/obj/chmemcore.o (symbol from plugin)
chCoreAllocFromTop                                ./build/obj/chmemcore.o (symbol from plugin)
                                                  ./build/obj/chmemheaps.o (symbol from plugin)
chCoreAllocFromTopI                               ./build/obj/chmemcore.o (symbol from plugin)
                                                  ./build/obj/chfactory.o (symbol from plugin)
chCoreGetStatusX                                  ./build/obj/chmemcore.o (symbol from plugin)
chDelegateCallVeneer                              ./build/obj/chdelegates.o (symbol from plugin)
chDelegateDispatch                                ./build/obj/chdelegates.o (symbol from plugin)
chDelegateDispatchTimeout                         ./build/obj/chdelegates.o (symbol from plugin)
chEvtAddEvents                                    ./build/obj/chevents.o (symbol from plugin)
chEvtBroadcastFlags                               ./build/obj/chevents.o (symbol from plugin)
chEvtBroadcastFlagsI                              ./build/obj/chevents.o (symbol from plugin)
                                                  ./build/obj/hal_serial_lld.o (symbol from plugin)
                                                  ./build/obj/hal_serial.o (symbol from plugin)
chEvtDispatch                                     ./build/obj/chevents.o (symbol from plugin)
chEvtGetAndClearEvents                            ./build/obj/chevents.o (symbol from plugin)
chEvtGetAndClearEventsI                           ./build/obj/chevents.o (symbol from plugin)
chEvtGetAndClearFlags                             ./build/obj/chevents.o (symbol from plugin)
chEvtGetAndClearFlagsI                            ./build/obj/chevents.o (symbol from plugin)
chEvtRegisterMaskWithFlags                        ./build/obj/chevents.o (symbol from plugin)
chEvtSignal                                       ./build/obj/chevents.o (symbol from plugin)
chEvtSignalI                                      ./build/obj/chevents.o (symbol from plugin)
chEvtUnregister                                   ./build/obj/chevents.o (symbol from plugin)
chEvtWaitAll                                      ./build/obj/chevents.o (symbol from plugin)
chEvtWaitAllTimeout                               ./build/obj/chevents.o (symbol from plugin)
chEvtWaitAny                                      ./build/obj/chevents.o (symbol from plugin)
chEvtWaitAnyTimeout                               ./build/obj/chevents.o (symbol from plugin)
chEvtWaitOne                                      ./build/obj/chevents.o (symbol from plugin)
chEvtWaitOneTimeout                               ./build/obj/chevents.o (symbol from plugin)
chFactoryCreateBuffer                             ./build/obj/chfactory.o (symbol from plugin)
chFactoryCreateMailbox                            ./build/obj/chfactory.o (symbol from plugin)
chFactoryCreateObjectsFIFO                        ./build/obj/chfactory.o (symbol from plugin)
chFactoryCreatePipe                               ./build/obj/chfactory.o (symbol from plugin)
chFactoryCreateSemaphore                          ./build/obj/chfactory.o (symbol from plugin)
chFactoryFindBuffer                               ./build/obj/chfactory.o (symbol from plugin)
chFactoryFindMailbox                              ./build/obj/chfactory.o (symbol from plugin)
chFactoryFindObject                               ./build/obj/chfactory.o (symbol from plugin)
chFactoryFindObjectByPointer                      ./build/obj/chfactory.o (symbol from plugin)
chFactoryFindObjectsFIFO                          ./build/obj/chfactory.o (symbol from plugin)
chFactoryFindPipe                                 ./build/obj/chfactory.o (symbol from plugin)
chFactoryFindSemaphore                            ./build/obj/chfactory.o (symbol from plugin)
chFactoryRegisterObject                           ./build/obj/chfactory.o (symbol from plugin)
chFactoryReleaseBuffer                            ./build/obj/chfactory.o (symbol from plugin)
chFactoryReleaseMailbox                           ./build/obj/chfactory.o (symbol from plugin)
chFactoryReleaseObject                            ./build/obj/chfactory.o (symbol from plugin)
chFactoryReleaseObjectsFIFO                       ./build/obj/chfactory.o (symbol from plugin)
chFactoryReleasePipe                              ./build/obj/chfactory.o (symbol from plugin)
chFactoryReleaseSemaphore                         ./build/obj/chfactory.o (symbol from plugin)
chGuardedPoolAllocTimeout                         ./build/obj/chmempools.o (symbol from plugin)
chGuardedPoolAllocTimeoutS                        ./build/obj/chmempools.o (symbol from plugin)
chGuardedPoolFree                                 ./build/obj/chmempools.o (symbol from plugin)
chGuardedPoolLoadArray                            ./build/obj/chmempools.o (symbol from plugin)
                                                  ./build/obj/chfactory.o (symbol from plugin)
chGuardedPoolObjectInitAligned                    ./build/obj/chmempools.o (symbol from plugin)
                                                  ./build/obj/chfactory.o (symbol from plugin)
chHeapAllocAligned                                ./build/obj/chmemheaps.o (symbol from plugin)
                                                  ./build/obj/chfactory.o (symbol from plugin)
                                                  ./build/obj/chdynamic.o (symbol from plugin)
chHeapFree                                        ./build/obj/chmemheaps.o (symbol from plugin)
                                                  ./build/obj/chfactory.o (symbol from plugin)
                                                  ./build/obj/chthreads.o (symbol from plugin)
chHeapObjectInit                                  ./build/obj/chmemheaps.o (symbol from plugin)
chHeapStatus                                      ./build/obj/chmemheaps.o (symbol from plugin)
chMBFetchI                                        ./build/obj/chmboxes.o (symbol from plugin)
chMBFetchTimeout                                  ./build/obj/chmboxes.o (symbol from plugin)
chMBFetchTimeoutS                                 ./build/obj/chmboxes.o (symbol from plugin)
chMBObjectInit                                    ./build/obj/chmboxes.o (symbol from plugin)
                                                  ./build/obj/chfactory.o (symbol from plugin)
chMBPostAheadI                                    ./build/obj/chmboxes.o (symbol from plugin)
chMBPostAheadTimeout                              ./build/obj/chmboxes.o (symbol from plugin)
chMBPostAheadTimeoutS                             ./build/obj/chmboxes.o (symbol from plugin)
chMBPostI                                         ./build/obj/chmboxes.o (symbol from plugin)
chMBPostTimeout                                   ./build/obj/chmboxes.o (symbol from plugin)
chMBPostTimeoutS                                  ./build/obj/chmboxes.o (symbol from plugin)
chMBReset                                         ./build/obj/chmboxes.o (symbol from plugin)
chMBResetI                                        ./build/obj/chmboxes.o (symbol from plugin)
chMsgPollS                                        ./build/obj/chmsg.o (symbol from plugin)
chMsgRelease                                      ./build/obj/chmsg.o (symbol from plugin)
                                                  ./build/obj/chdelegates.o (symbol from plugin)
chMsgSend                                         ./build/obj/chmsg.o (symbol from plugin)
                                                  ./build/obj/chdelegates.o (symbol from plugin)
chMsgWaitS                                        ./build/obj/chmsg.o (symbol from plugin)
                                                  ./build/obj/chdelegates.o (symbol from plugin)
chMsgWaitTimeoutS                                 ./build/obj/chmsg.o (symbol from plugin)
                                                  ./build/obj/chdelegates.o (symbol from plugin)
chMtxLock                                         ./build/obj/chmtx.o (symbol from plugin)
                                                  ./build/obj/chfactory.o (symbol from plugin)
                                                  ./build/obj/chpipes.o (symbol from plugin)
                                                  ./build/obj/chmemheaps.o (symbol from plugin)
chMtxLockS                                        ./build/obj/chmtx.o (symbol from plugin)
                                                  ./build/obj/chcond.o (symbol from plugin)
chMtxObjectInit                                   ./build/obj/chmtx.o (symbol from plugin)
                                                  ./build/obj/chfactory.o (symbol from plugin)
                                                  ./build/obj/chpipes.o (symbol from plugin)
                                                  ./build/obj/chmemheaps.o (symbol from plugin)
chMtxTryLock                                      ./build/obj/chmtx.o (symbol from plugin)
chMtxTryLockS                                     ./build/obj/chmtx.o (symbol from plugin)
chMtxUnlock                                       ./build/obj/chmtx.o (symbol from plugin)
                                                  ./build/obj/chfactory.o (symbol from plugin)
                                                  ./build/obj/chpipes.o (symbol from plugin)
                                                  ./build/obj/chmemheaps.o (symbol from plugin)
chMtxUnlockAll                                    ./build/obj/chmtx.o (symbol from plugin)
chMtxUnlockAllS                                   ./build/obj/chmtx.o (symbol from plugin)
chMtxUnlockS                                      ./build/obj/chmtx.o (symbol from plugin)
                                                  ./build/obj/chcond.o (symbol from plugin)
chPipeObjectInit                                  ./build/obj/chpipes.o (symbol from plugin)
                                                  ./build/obj/chfactory.o (symbol from plugin)
chPipeReadTimeout                                 ./build/obj/chpipes.o (symbol from plugin)
chPipeReset                                       ./build/obj/chpipes.o (symbol from plugin)
chPipeWriteTimeout                                ./build/obj/chpipes.o (symbol from plugin)
chPoolAlloc                                       ./build/obj/chmempools.o (symbol from plugin)
                                                  ./build/obj/chfactory.o (symbol from plugin)
                                                  ./build/obj/chdynamic.o (symbol from plugin)
chPoolAllocI                                      ./build/obj/chmempools.o (symbol from plugin)
chPoolFree                                        ./build/obj/chmempools.o (symbol from plugin)
                                                  ./build/obj/chfactory.o (symbol from plugin)
                                                  ./build/obj/chthreads.o (symbol from plugin)
chPoolFreeI                                       ./build/obj/chmempools.o (symbol from plugin)
chPoolLoadArray                                   ./build/obj/chmempools.o (symbol from plugin)
chPoolObjectInitAligned                           ./build/obj/chmempools.o (symbol from plugin)
                                                  ./build/obj/chfactory.o (symbol from plugin)
chRegFindThreadByName                             ./build/obj/chregistry.o (symbol from plugin)
chRegFindThreadByPointer                          ./build/obj/chregistry.o (symbol from plugin)
chRegFindThreadByWorkingArea                      ./build/obj/chregistry.o (symbol from plugin)
chRegFirstThread                                  ./build/obj/chregistry.o (symbol from plugin)
chRegNextThread                                   ./build/obj/chregistry.o (symbol from plugin)
chSchDoReschedule                                 C:\Users\RAKIBU~1\AppData\Local\Temp\ccHwovGJ.ltrans0.ltrans.o
                                                  ./build/obj/chschd.o (symbol from plugin)
                                                  ./build/obj/chcoreasm_v7m.o
chSchDoRescheduleAhead                            ./build/obj/chschd.o (symbol from plugin)
chSchDoRescheduleBehind                           ./build/obj/chschd.o (symbol from plugin)
                                                  ./build/obj/chthreads.o (symbol from plugin)
chSchGoSleepS                                     ./build/obj/chschd.o (symbol from plugin)
                                                  ./build/obj/chmsg.o (symbol from plugin)
                                                  ./build/obj/chevents.o (symbol from plugin)
                                                  ./build/obj/chcond.o (symbol from plugin)
                                                  ./build/obj/chmtx.o (symbol from plugin)
                                                  ./build/obj/chsem.o (symbol from plugin)
                                                  ./build/obj/chthreads.o (symbol from plugin)
chSchGoSleepTimeoutS                              ./build/obj/chschd.o (symbol from plugin)
                                                  ./build/obj/chmsg.o (symbol from plugin)
                                                  ./build/obj/chevents.o (symbol from plugin)
                                                  ./build/obj/chcond.o (symbol from plugin)
                                                  ./build/obj/chsem.o (symbol from plugin)
                                                  ./build/obj/chthreads.o (symbol from plugin)
chSchIsPreemptionRequired                         ./build/obj/chschd.o (symbol from plugin)
                                                  ./build/obj/chcore_v7m.o (symbol from plugin)
chSchReadyAheadI                                  ./build/obj/chschd.o (symbol from plugin)
chSchReadyI                                       ./build/obj/chschd.o (symbol from plugin)
                                                  ./build/obj/chmsg.o (symbol from plugin)
                                                  ./build/obj/chevents.o (symbol from plugin)
                                                  ./build/obj/chcond.o (symbol from plugin)
                                                  ./build/obj/chmtx.o (symbol from plugin)
                                                  ./build/obj/chsem.o (symbol from plugin)
                                                  ./build/obj/chthreads.o (symbol from plugin)
chSchRescheduleS                                  ./build/obj/chschd.o (symbol from plugin)
                                                  ./build/obj/chpipes.o (symbol from plugin)
                                                  ./build/obj/chmempools.o (symbol from plugin)
                                                  ./build/obj/chmboxes.o (symbol from plugin)
                                                  ./build/obj/chevents.o (symbol from plugin)
                                                  ./build/obj/chcond.o (symbol from plugin)
                                                  ./build/obj/chmtx.o (symbol from plugin)
                                                  ./build/obj/chsem.o (symbol from plugin)
                                                  ./build/obj/chthreads.o (symbol from plugin)
                                                  ./build/obj/chsys.o (symbol from plugin)
                                                  ./build/obj/hal_serial.o (symbol from plugin)
chSchWakeupS                                      ./build/obj/chschd.o (symbol from plugin)
                                                  ./build/obj/chdynamic.o (symbol from plugin)
                                                  ./build/obj/chmsg.o (symbol from plugin)
                                                  ./build/obj/chcond.o (symbol from plugin)
                                                  ./build/obj/chsem.o (symbol from plugin)
                                                  ./build/obj/chthreads.o (symbol from plugin)
chSemAddCounterI                                  ./build/obj/chsem.o (symbol from plugin)
chSemObjectInit                                   ./build/obj/chsem.o (symbol from plugin)
                                                  ./build/obj/chfactory.o (symbol from plugin)
                                                  ./build/obj/chobjcaches.o (symbol from plugin)
                                                  ./build/obj/chmempools.o (symbol from plugin)
chSemResetWithMessage                             ./build/obj/chsem.o (symbol from plugin)
chSemResetWithMessageI                            ./build/obj/chsem.o (symbol from plugin)
chSemSignal                                       ./build/obj/chsem.o (symbol from plugin)
chSemSignalI                                      ./build/obj/chsem.o (symbol from plugin)
                                                  ./build/obj/chobjcaches.o (symbol from plugin)
                                                  ./build/obj/chmempools.o (symbol from plugin)
chSemSignalWait                                   ./build/obj/chsem.o (symbol from plugin)
chSemWait                                         ./build/obj/chsem.o (symbol from plugin)
chSemWaitS                                        ./build/obj/chsem.o (symbol from plugin)
                                                  ./build/obj/chobjcaches.o (symbol from plugin)
chSemWaitTimeout                                  ./build/obj/chsem.o (symbol from plugin)
chSemWaitTimeoutS                                 ./build/obj/chsem.o (symbol from plugin)
                                                  ./build/obj/chmempools.o (symbol from plugin)
chSysGetStatusAndLockX                            ./build/obj/chsys.o (symbol from plugin)
chSysHalt                                         ./build/obj/chsys.o (symbol from plugin)
chSysInit                                         ./build/obj/chsys.o (symbol from plugin)
                                                  ./build/obj/main.o (symbol from plugin)
chSysIntegrityCheckI                              ./build/obj/chsys.o (symbol from plugin)
chSysIsCounterWithinX                             ./build/obj/chsys.o (symbol from plugin)
chSysPolledDelayX                                 ./build/obj/chsys.o (symbol from plugin)
chSysRestoreStatusX                               ./build/obj/chsys.o (symbol from plugin)
chSysTimerHandlerI                                ./build/obj/chsys.o (symbol from plugin)
                                                  ./build/obj/hal_st_lld.o (symbol from plugin)
chTMChainMeasurementToX                           ./build/obj/chtm.o (symbol from plugin)
chTMObjectInit                                    ./build/obj/chtm.o (symbol from plugin)
chTMStartMeasurementX                             ./build/obj/chtm.o (symbol from plugin)
chTMStopMeasurementX                              ./build/obj/chtm.o (symbol from plugin)
chThdAddRef                                       ./build/obj/chthreads.o (symbol from plugin)
chThdCreate                                       ./build/obj/chthreads.o (symbol from plugin)
                                                  ./build/obj/chsys.o (symbol from plugin)
chThdCreateFromHeap                               ./build/obj/chdynamic.o (symbol from plugin)
chThdCreateFromMemoryPool                         ./build/obj/chdynamic.o (symbol from plugin)
chThdCreateI                                      ./build/obj/chthreads.o (symbol from plugin)
chThdCreateStatic                                 ./build/obj/chthreads.o (symbol from plugin)
chThdCreateSuspended                              ./build/obj/chthreads.o (symbol from plugin)
chThdCreateSuspendedI                             ./build/obj/chthreads.o (symbol from plugin)
                                                  ./build/obj/chdynamic.o (symbol from plugin)
chThdDequeueAllI                                  ./build/obj/chthreads.o (symbol from plugin)
                                                  ./build/obj/chmboxes.o (symbol from plugin)
                                                  ./build/obj/hal_queues.o (symbol from plugin)
                                                  ./build/obj/hal_buffers.o (symbol from plugin)
chThdDequeueNextI                                 ./build/obj/chthreads.o (symbol from plugin)
                                                  ./build/obj/chmboxes.o (symbol from plugin)
                                                  ./build/obj/hal_queues.o (symbol from plugin)
                                                  ./build/obj/hal_buffers.o (symbol from plugin)
chThdEnqueueTimeoutS                              ./build/obj/chthreads.o (symbol from plugin)
                                                  ./build/obj/chmboxes.o (symbol from plugin)
                                                  ./build/obj/hal_queues.o (symbol from plugin)
                                                  ./build/obj/hal_buffers.o (symbol from plugin)
chThdExit                                         C:\Users\RAKIBU~1\AppData\Local\Temp\ccHwovGJ.ltrans0.ltrans.o
                                                  ./build/obj/chthreads.o (symbol from plugin)
                                                  ./build/obj/chcoreasm_v7m.o
chThdExitS                                        ./build/obj/chthreads.o (symbol from plugin)
chThdRelease                                      ./build/obj/chthreads.o (symbol from plugin)
                                                  ./build/obj/chregistry.o (symbol from plugin)
chThdResume                                       ./build/obj/chthreads.o (symbol from plugin)
                                                  ./build/obj/chpipes.o (symbol from plugin)
chThdResumeI                                      ./build/obj/chthreads.o (symbol from plugin)
                                                  ./build/obj/chpipes.o (symbol from plugin)
chThdResumeS                                      ./build/obj/chthreads.o (symbol from plugin)
chThdSetPriority                                  ./build/obj/chthreads.o (symbol from plugin)
chThdSleep                                        ./build/obj/chthreads.o (symbol from plugin)
                                                  ./build/obj/main.o (symbol from plugin)
                                                  ./build/obj/hal_flash.o (symbol from plugin)
chThdSleepUntil                                   ./build/obj/chthreads.o (symbol from plugin)
chThdSleepUntilWindowed                           ./build/obj/chthreads.o (symbol from plugin)
chThdStart                                        ./build/obj/chthreads.o (symbol from plugin)
chThdSuspendS                                     ./build/obj/chthreads.o (symbol from plugin)
chThdSuspendTimeoutS                              ./build/obj/chthreads.o (symbol from plugin)
                                                  ./build/obj/chpipes.o (symbol from plugin)
chThdTerminate                                    ./build/obj/chthreads.o (symbol from plugin)
chThdWait                                         ./build/obj/chthreads.o (symbol from plugin)
chThdYield                                        ./build/obj/chthreads.o (symbol from plugin)
chVTDoResetI                                      ./build/obj/chvt.o (symbol from plugin)
                                                  ./build/obj/chschd.o (symbol from plugin)
chVTDoSetI                                        ./build/obj/chvt.o (symbol from plugin)
                                                  ./build/obj/chschd.o (symbol from plugin)
ch_debug                                          ./build/obj/chregistry.o (symbol from plugin)
                                                  ./build/obj/chsys.o (symbol from plugin)
ch_factory                                        ./build/obj/chfactory.o (symbol from plugin)
ch_idle_thread_wa                                 ./build/obj/chsys.o (symbol from plugin)
ch_memcore                                        ./build/obj/chmemcore.o (symbol from plugin)
chprintf                                          ./build/obj/chprintf.o (symbol from plugin)
chsnprintf                                        ./build/obj/chprintf.o (symbol from plugin)
chvprintf                                         ./build/obj/chprintf.o (symbol from plugin)
                                                  ./build/obj/main.o (symbol from plugin)
chvsnprintf                                       ./build/obj/chprintf.o (symbol from plugin)
crcFast                                           ./build/obj/crc.o (symbol from plugin)
                                                  ./build/obj/main.o (symbol from plugin)
crcInit                                           ./build/obj/crc.o (symbol from plugin)
                                                  ./build/obj/main.o (symbol from plugin)
crcSlow                                           ./build/obj/crc.o (symbol from plugin)
                                                  ./build/obj/main.o (symbol from plugin)
crcTable                                          ./build/obj/crc.o (symbol from plugin)
flashGetSectorOffset                              ./build/obj/hal_flash.o (symbol from plugin)
flashGetSectorSize                                ./build/obj/hal_flash.o (symbol from plugin)
flashWaitErase                                    ./build/obj/hal_flash.o (symbol from plugin)
halInit                                           ./build/obj/hal.o (symbol from plugin)
                                                  ./build/obj/main.o (symbol from plugin)
hal_lld_init                                      ./build/obj/hal_lld.o (symbol from plugin)
                                                  ./build/obj/hal.o (symbol from plugin)
ibqGetEmptyBufferI                                ./build/obj/hal_buffers.o (symbol from plugin)
ibqGetFullBufferTimeout                           ./build/obj/hal_buffers.o (symbol from plugin)
ibqGetFullBufferTimeoutS                          ./build/obj/hal_buffers.o (symbol from plugin)
ibqGetTimeout                                     ./build/obj/hal_buffers.o (symbol from plugin)
ibqObjectInit                                     ./build/obj/hal_buffers.o (symbol from plugin)
ibqPostFullBufferI                                ./build/obj/hal_buffers.o (symbol from plugin)
ibqReadTimeout                                    ./build/obj/hal_buffers.o (symbol from plugin)
ibqReleaseEmptyBuffer                             ./build/obj/hal_buffers.o (symbol from plugin)
ibqReleaseEmptyBufferS                            ./build/obj/hal_buffers.o (symbol from plugin)
ibqResetI                                         ./build/obj/hal_buffers.o (symbol from plugin)
initUART                                          ./build/obj/main.o (symbol from plugin)
iqGetI                                            ./build/obj/hal_queues.o (symbol from plugin)
iqGetTimeout                                      ./build/obj/hal_queues.o (symbol from plugin)
                                                  ./build/obj/hal_serial.o (symbol from plugin)
iqObjectInit                                      ./build/obj/hal_queues.o (symbol from plugin)
                                                  ./build/obj/hal_serial.o (symbol from plugin)
iqPutI                                            ./build/obj/hal_queues.o (symbol from plugin)
                                                  ./build/obj/hal_serial.o (symbol from plugin)
iqReadI                                           ./build/obj/hal_queues.o (symbol from plugin)
iqReadTimeout                                     ./build/obj/hal_queues.o (symbol from plugin)
                                                  ./build/obj/hal_serial.o (symbol from plugin)
iqResetI                                          ./build/obj/hal_queues.o (symbol from plugin)
                                                  ./build/obj/hal_serial.o (symbol from plugin)
irqDeinit                                         ./build/obj/stm32_isr.o (symbol from plugin)
irqInit                                           ./build/obj/stm32_isr.o (symbol from plugin)
                                                  ./build/obj/hal_lld.o (symbol from plugin)
main                                              C:\Users\RAKIBU~1\AppData\Local\Temp\ccHwovGJ.ltrans0.ltrans.o
                                                  ./build/obj/main.o (symbol from plugin)
                                                  ./build/obj/crt0_v7m.o
memcpy                                            c:/chibistudio/tools/gnu tools arm embedded/7.0 2017q4/bin/../lib/gcc/arm-none-eabi/7.2.1/../../../../arm-none-eabi/lib/thumb/v7e-m\libg.a(lib_a-memcpy.o)
                                                  C:\Users\RAKIBU~1\AppData\Local\Temp\ccHwovGJ.ltrans0.ltrans.o
msObjectInit                                      ./build/obj/memstreams.o (symbol from plugin)
                                                  ./build/obj/chprintf.o (symbol from plugin)
myPrintf                                          ./build/obj/main.o (symbol from plugin)
nullObjectInit                                    ./build/obj/nullstreams.o (symbol from plugin)
nvicClearPending                                  ./build/obj/nvic.o (symbol from plugin)
nvicDisableVector                                 ./build/obj/nvic.o (symbol from plugin)
                                                  ./build/obj/hal_serial_lld.o (symbol from plugin)
                                                  ./build/obj/stm32_isr.o (symbol from plugin)
nvicEnableVector                                  ./build/obj/nvic.o (symbol from plugin)
                                                  ./build/obj/hal_serial_lld.o (symbol from plugin)
                                                  ./build/obj/hal_st_lld.o (symbol from plugin)
                                                  ./build/obj/stm32_isr.o (symbol from plugin)
nvicSetSystemHandlerPriority                      ./build/obj/nvic.o (symbol from plugin)
obqFlush                                          ./build/obj/hal_buffers.o (symbol from plugin)
obqGetEmptyBufferTimeout                          ./build/obj/hal_buffers.o (symbol from plugin)
obqGetEmptyBufferTimeoutS                         ./build/obj/hal_buffers.o (symbol from plugin)
obqGetFullBufferI                                 ./build/obj/hal_buffers.o (symbol from plugin)
obqObjectInit                                     ./build/obj/hal_buffers.o (symbol from plugin)
obqPostFullBuffer                                 ./build/obj/hal_buffers.o (symbol from plugin)
obqPostFullBufferS                                ./build/obj/hal_buffers.o (symbol from plugin)
obqPutTimeout                                     ./build/obj/hal_buffers.o (symbol from plugin)
obqReleaseEmptyBufferI                            ./build/obj/hal_buffers.o (symbol from plugin)
obqResetI                                         ./build/obj/hal_buffers.o (symbol from plugin)
obqTryFlushI                                      ./build/obj/hal_buffers.o (symbol from plugin)
obqWriteTimeout                                   ./build/obj/hal_buffers.o (symbol from plugin)
oqGetI                                            ./build/obj/hal_queues.o (symbol from plugin)
                                                  ./build/obj/hal_serial_lld.o (symbol from plugin)
                                                  ./build/obj/hal_serial.o (symbol from plugin)
oqObjectInit                                      ./build/obj/hal_queues.o (symbol from plugin)
                                                  ./build/obj/hal_serial.o (symbol from plugin)
oqPutI                                            ./build/obj/hal_queues.o (symbol from plugin)
oqPutTimeout                                      ./build/obj/hal_queues.o (symbol from plugin)
                                                  ./build/obj/hal_serial.o (symbol from plugin)
oqResetI                                          ./build/obj/hal_queues.o (symbol from plugin)
                                                  ./build/obj/hal_serial.o (symbol from plugin)
oqWriteI                                          ./build/obj/hal_queues.o (symbol from plugin)
oqWriteTimeout                                    ./build/obj/hal_queues.o (symbol from plugin)
                                                  ./build/obj/hal_serial.o (symbol from plugin)
palReadBus                                        ./build/obj/hal_pal.o (symbol from plugin)
palSetBusMode                                     ./build/obj/hal_pal.o (symbol from plugin)
palWriteBus                                       ./build/obj/hal_pal.o (symbol from plugin)
port_init                                         ./build/obj/chcore_v7m.o (symbol from plugin)
                                                  ./build/obj/chsys.o (symbol from plugin)
sdControl                                         ./build/obj/hal_serial.o (symbol from plugin)
sdGetWouldBlock                                   ./build/obj/hal_serial.o (symbol from plugin)
sdIncomingDataI                                   ./build/obj/hal_serial.o (symbol from plugin)
                                                  ./build/obj/hal_serial_lld.o (symbol from plugin)
sdInit                                            ./build/obj/hal_serial.o (symbol from plugin)
                                                  ./build/obj/hal.o (symbol from plugin)
sdObjectInit                                      ./build/obj/hal_serial.o (symbol from plugin)
                                                  ./build/obj/hal_serial_lld.o (symbol from plugin)
sdPutWouldBlock                                   ./build/obj/hal_serial.o (symbol from plugin)
sdRequestDataI                                    ./build/obj/hal_serial.o (symbol from plugin)
sdStart                                           ./build/obj/hal_serial.o (symbol from plugin)
                                                  ./build/obj/main.o (symbol from plugin)
sdStop                                            ./build/obj/hal_serial.o (symbol from plugin)
sd_lld_init                                       ./build/obj/hal_serial_lld.o (symbol from plugin)
                                                  ./build/obj/hal_serial.o (symbol from plugin)
sd_lld_start                                      ./build/obj/hal_serial_lld.o (symbol from plugin)
                                                  ./build/obj/hal_serial.o (symbol from plugin)
sd_lld_stop                                       ./build/obj/hal_serial_lld.o (symbol from plugin)
                                                  ./build/obj/hal_serial.o (symbol from plugin)
stGetAlarm                                        ./build/obj/hal_st.o (symbol from plugin)
stGetCounter                                      ./build/obj/hal_st.o (symbol from plugin)
                                                  ./build/obj/chthreads.o (symbol from plugin)
                                                  ./build/obj/chvt.o (symbol from plugin)
                                                  ./build/obj/chsys.o (symbol from plugin)
stInit                                            ./build/obj/hal_st.o (symbol from plugin)
                                                  ./build/obj/hal.o (symbol from plugin)
stIsAlarmActive                                   ./build/obj/hal_st.o (symbol from plugin)
stSetAlarm                                        ./build/obj/hal_st.o (symbol from plugin)
                                                  ./build/obj/chvt.o (symbol from plugin)
                                                  ./build/obj/chsys.o (symbol from plugin)
stStartAlarm                                      ./build/obj/hal_st.o (symbol from plugin)
                                                  ./build/obj/chvt.o (symbol from plugin)
stStopAlarm                                       ./build/obj/hal_st.o (symbol from plugin)
                                                  ./build/obj/chvt.o (symbol from plugin)
                                                  ./build/obj/chsys.o (symbol from plugin)
st_lld_init                                       ./build/obj/hal_st_lld.o (symbol from plugin)
                                                  ./build/obj/hal_st.o (symbol from plugin)
st_lld_serve_interrupt                            ./build/obj/hal_st_lld.o (symbol from plugin)
stm32_clock_init                                  ./build/obj/hal_lld.o (symbol from plugin)
                                                  ./build/obj/board.o (symbol from plugin)
