Archive member included to satisfy reference by file (symbol)

c:/chibistudio/tools/gnu tools arm embedded/7.0 2017q4/bin/../lib/gcc/arm-none-eabi/7.2.1/../../../../arm-none-eabi/lib/thumb/v7e-m\libg.a(lib_a-memcpy.o)
                              C:\Users\RAKIBU~1\AppData\Local\Temp\ccTqmaRc.ltrans0.ltrans.o (memcpy)

Discarded input sections

 .data          0x00000000        0x0 ./build/obj/crt0_v7m.o
 .bss           0x00000000        0x0 ./build/obj/crt0_v7m.o
 .data          0x00000000        0x0 ./build/obj/vectors.o
 .bss           0x00000000        0x0 ./build/obj/vectors.o
 .data          0x00000000        0x0 ./build/obj/chcoreasm_v7m.o
 .bss           0x00000000        0x0 ./build/obj/chcoreasm_v7m.o
 .text          0x00000000        0x0 C:\Users\RAKIBU~1\AppData\Local\Temp\ccTqmaRc.ltrans0.ltrans.o
 .data          0x00000000        0x0 C:\Users\RAKIBU~1\AppData\Local\Temp\ccTqmaRc.ltrans0.ltrans.o
 .bss           0x00000000        0x0 C:\Users\RAKIBU~1\AppData\Local\Temp\ccTqmaRc.ltrans0.ltrans.o
 .data          0x00000000        0x0 c:/chibistudio/tools/gnu tools arm embedded/7.0 2017q4/bin/../lib/gcc/arm-none-eabi/7.2.1/../../../../arm-none-eabi/lib/thumb/v7e-m\libg.a(lib_a-memcpy.o)
 .bss           0x00000000        0x0 c:/chibistudio/tools/gnu tools arm embedded/7.0 2017q4/bin/../lib/gcc/arm-none-eabi/7.2.1/../../../../arm-none-eabi/lib/thumb/v7e-m\libg.a(lib_a-memcpy.o)

Memory Configuration

Name             Origin             Length             Attributes
flash0           0x08000000         0x00100000         xr
flash1           0x00000000         0x00000000         xr
flash2           0x00000000         0x00000000         xr
flash3           0x00000000         0x00000000         xr
flash4           0x00000000         0x00000000         xr
flash5           0x00000000         0x00000000         xr
flash6           0x00000000         0x00000000         xr
flash7           0x00000000         0x00000000         xr
ram0             0x20000000         0x00020000         xw
ram1             0x20000000         0x0001c000         xw
ram2             0x2001c000         0x00004000         xw
ram3             0x00000000         0x00000000         xw
ram4             0x10000000         0x00010000         xw
ram5             0x40024000         0x00001000         xw
ram6             0x00000000         0x00000000         xw
ram7             0x00000000         0x00000000         xw
*default*        0x00000000         0xffffffff

Linker script and memory map

LOAD ./build/obj/crt0_v7m.o
LOAD ./build/obj/vectors.o
LOAD ./build/obj/chcoreasm_v7m.o
LOAD C:\Users\RAKIBU~1\AppData\Local\Temp\ccTqmaRc.ltrans0.ltrans.o

.mstack         0x20000000      0x400
                0x20000000                . = ALIGN (0x8)
                0x20000000                __main_stack_base__ = .
                0x20000400                . = (. + __main_stack_size__)
 *fill*         0x20000000      0x400 
                0x20000400                . = ALIGN (0x8)
                0x20000400                __main_stack_end__ = .

.pstack         0x20000400      0x400
                0x20000400                . = ALIGN (0x8)
                0x20000400                __process_stack_base__ = .
                0x20000400                __main_thread_stack_base__ = .
                0x20000800                . = (. + __process_stack_size__)
 *fill*         0x20000400      0x400 
                0x20000800                . = ALIGN (0x8)
                0x20000800                __process_stack_end__ = .
                0x20000800                __main_thread_stack_end__ = .

.vectors        0x08000000      0x1e0
 *(.vectors)
 .vectors       0x08000000      0x1e0 ./build/obj/vectors.o
                0x08000000                _vectors

.xtors          0x080001e0        0x0
                0x080001e0                __init_array_base__ = .
 *(SORT_BY_NAME(.init_array.*))
 *(.init_array)
                0x080001e0                __init_array_end__ = .
                0x080001e0                __fini_array_base__ = .
 *(.fini_array)
 *(SORT_BY_NAME(.fini_array.*))
                0x080001e0                __fini_array_end__ = .

.text           0x080001e0     0x3d94
                0x080001e0                __text_base__ = .
 *(.text)
 .text          0x080001e0       0xd8 ./build/obj/crt0_v7m.o
                0x080001e0                _crt0_entry
 .text          0x080002b8        0x8 ./build/obj/vectors.o
                0x080002b8                Reset_Handler
                0x080002ba                VectorE8
                0x080002ba                Vector9C
                0x080002ba                VectorAC
                0x080002ba                DebugMon_Handler
                0x080002ba                Vector1A0
                0x080002ba                Vector5C
                0x080002ba                Vector11C
                0x080002ba                HardFault_Handler
                0x080002ba                Vector1B8
                0x080002ba                Vector19C
                0x080002ba                Vector8C
                0x080002ba                SysTick_Handler
                0x080002ba                VectorDC
                0x080002ba                PendSV_Handler
                0x080002ba                Vector168
                0x080002ba                NMI_Handler
                0x080002ba                Vector110
                0x080002ba                Vector1D8
                0x080002ba                VectorC8
                0x080002ba                Vector94
                0x080002ba                VectorA8
                0x080002ba                VectorB4
                0x080002ba                Vector160
                0x080002ba                Vector1B0
                0x080002ba                UsageFault_Handler
                0x080002ba                VectorEC
                0x080002ba                Vector40
                0x080002ba                VectorF8
                0x080002ba                Vector108
                0x080002ba                VectorBC
                0x080002ba                Vector190
                0x080002ba                Vector1C4
                0x080002ba                Vector1CC
                0x080002ba                Vector148
                0x080002ba                Vector188
                0x080002ba                Vector198
                0x080002ba                Vector118
                0x080002ba                Vector64
                0x080002ba                Vector58
                0x080002ba                VectorCC
                0x080002ba                Vector54
                0x080002ba                Vector98
                0x080002ba                VectorD8
                0x080002ba                Vector138
                0x080002ba                Vector24
                0x080002ba                Vector1AC
                0x080002ba                Vector178
                0x080002ba                Vector1A4
                0x080002ba                VectorD0
                0x080002ba                Vector1B4
                0x080002ba                Vector140
                0x080002ba                VectorE4
                0x080002ba                VectorC0
                0x080002ba                Vector1C0
                0x080002ba                Vector134
                0x080002ba                Vector1D0
                0x080002ba                VectorF0
                0x080002ba                Vector13C
                0x080002ba                Vector100
                0x080002ba                VectorE0
                0x080002ba                VectorF4
                0x080002ba                MemManage_Handler
                0x080002ba                VectorA0
                0x080002ba                VectorC4
                0x080002ba                Vector180
                0x080002ba                Vector90
                0x080002ba                Vector114
                0x080002ba                Vector164
                0x080002ba                Vector60
                0x080002ba                Vector1C
                0x080002ba                Vector1BC
                0x080002ba                Vector1D4
                0x080002ba                Vector17C
                0x080002ba                Vector48
                0x080002ba                Vector1A8
                0x080002ba                Vector16C
                0x080002ba                VectorD4
                0x080002ba                Vector4C
                0x080002ba                Vector144
                0x080002ba                Vector68
                0x080002ba                Vector18C
                0x080002ba                Vector170
                0x080002ba                Vector88
                0x080002ba                Vector184
                0x080002ba                Vector10C
                0x080002ba                Vector14C
                0x080002ba                BusFault_Handler
                0x080002ba                Vector50
                0x080002ba                Vector1C8
                0x080002ba                Vector194
                0x080002ba                Vector1DC
                0x080002ba                Vector44
                0x080002ba                Vector28
                0x080002ba                VectorB8
                0x080002ba                Vector34
                0x080002ba                VectorA4
                0x080002ba                Vector20
                0x080002ba                Vector174
                0x080002be                _unhandled_exception
 .text          0x080002c0       0x2a ./build/obj/chcoreasm_v7m.o
                0x080002c0                _port_switch
                0x080002d0                _port_thread_start
                0x080002e2                _port_switch_from_isr
                0x080002e6                _port_exit_from_isr
 *fill*         0x080002ea        0x2 
 .text          0x080002ec      0x134 c:/chibistudio/tools/gnu tools arm embedded/7.0 2017q4/bin/../lib/gcc/arm-none-eabi/7.2.1/../../../../arm-none-eabi/lib/thumb/v7e-m\libg.a(lib_a-memcpy.o)
                0x080002ec                memcpy
 *(.text.*)
 .text._pal_lld_setgroupmode.constprop.21
                0x08000420       0x90 C:\Users\RAKIBU~1\AppData\Local\Temp\ccTqmaRc.ltrans0.ltrans.o
 .text.chCoreAllocFromTop
                0x080004b0       0x3c C:\Users\RAKIBU~1\AppData\Local\Temp\ccTqmaRc.ltrans0.ltrans.o
 *fill*         0x080004ec        0x4 
 .text.notify6  0x080004f0       0x10 C:\Users\RAKIBU~1\AppData\Local\Temp\ccTqmaRc.ltrans0.ltrans.o
 .text.ff_wtoupper.part.2
                0x08000500       0xa8 C:\Users\RAKIBU~1\AppData\Local\Temp\ccTqmaRc.ltrans0.ltrans.o
 *fill*         0x080005a8        0x8 
 .text.mem_cpy.part.0
                0x080005b0       0x14 C:\Users\RAKIBU~1\AppData\Local\Temp\ccTqmaRc.ltrans0.ltrans.o
 *fill*         0x080005c4        0xc 
 .text.get_ldnumber
                0x080005d0       0x44 C:\Users\RAKIBU~1\AppData\Local\Temp\ccTqmaRc.ltrans0.ltrans.o
 *fill*         0x08000614        0xc 
 .text.sdc_lld_sync
                0x08000620        0x4 C:\Users\RAKIBU~1\AppData\Local\Temp\ccTqmaRc.ltrans0.ltrans.o
 *fill*         0x08000624        0xc 
 .text.disk_initialize
                0x08000630       0x18 C:\Users\RAKIBU~1\AppData\Local\Temp\ccTqmaRc.ltrans0.ltrans.o
 *fill*         0x08000648        0x8 
 .text._port_irq_epilogue
                0x08000650       0x4c C:\Users\RAKIBU~1\AppData\Local\Temp\ccTqmaRc.ltrans0.ltrans.o
 *fill*         0x0800069c        0x4 
 .text.chCoreAllocAlignedI
                0x080006a0       0x28 C:\Users\RAKIBU~1\AppData\Local\Temp\ccTqmaRc.ltrans0.ltrans.o
 *fill*         0x080006c8        0x8 
 .text.chTMStopMeasurementX
                0x080006d0       0x44 C:\Users\RAKIBU~1\AppData\Local\Temp\ccTqmaRc.ltrans0.ltrans.o
 *fill*         0x08000714        0xc 
 .text.chTMStartMeasurementX
                0x08000720        0xc C:\Users\RAKIBU~1\AppData\Local\Temp\ccTqmaRc.ltrans0.ltrans.o
 *fill*         0x0800072c        0x4 
 .text.wakeup   0x08000730       0x70 C:\Users\RAKIBU~1\AppData\Local\Temp\ccTqmaRc.ltrans0.ltrans.o
 .text.chSchReadyI
                0x080007a0       0x28 C:\Users\RAKIBU~1\AppData\Local\Temp\ccTqmaRc.ltrans0.ltrans.o
 *fill*         0x080007c8        0x8 
 .text.chEvtBroadcastFlagsI.constprop.23
                0x080007d0       0x60 C:\Users\RAKIBU~1\AppData\Local\Temp\ccTqmaRc.ltrans0.ltrans.o
 .text._idle_thread
                0x08000830        0x4 C:\Users\RAKIBU~1\AppData\Local\Temp\ccTqmaRc.ltrans0.ltrans.o
 *fill*         0x08000834        0xc 
 .text.sdc_lld_is_card_inserted
                0x08000840        0x4 C:\Users\RAKIBU~1\AppData\Local\Temp\ccTqmaRc.ltrans0.ltrans.o
 *fill*         0x08000844        0xc 
 .text.sdc_lld_collect_errors.isra.0
                0x08000850       0x3c C:\Users\RAKIBU~1\AppData\Local\Temp\ccTqmaRc.ltrans0.ltrans.o
 *fill*         0x0800088c        0x4 
 .text.sdc_lld_send_cmd_long_crc
                0x08000890       0x3c C:\Users\RAKIBU~1\AppData\Local\Temp\ccTqmaRc.ltrans0.ltrans.o
 *fill*         0x080008cc        0x4 
 .text.sdc_lld_send_cmd_short_crc
                0x080008d0       0x30 C:\Users\RAKIBU~1\AppData\Local\Temp\ccTqmaRc.ltrans0.ltrans.o
 .text.sdc_lld_init
                0x08000900       0x44 C:\Users\RAKIBU~1\AppData\Local\Temp\ccTqmaRc.ltrans0.ltrans.o
 *fill*         0x08000944        0xc 
 .text.sdc_lld_error_cleanup
                0x08000950       0x68 C:\Users\RAKIBU~1\AppData\Local\Temp\ccTqmaRc.ltrans0.ltrans.o
 *fill*         0x080009b8        0x8 
 .text._ctl     0x080009c0        0x4 C:\Users\RAKIBU~1\AppData\Local\Temp\ccTqmaRc.ltrans0.ltrans.o
 *fill*         0x080009c4        0xc 
 .text.sdcGetInfo
                0x080009d0       0x18 C:\Users\RAKIBU~1\AppData\Local\Temp\ccTqmaRc.ltrans0.ltrans.o
 *fill*         0x080009e8        0x8 
 .text.sdcSync  0x080009f0        0xc C:\Users\RAKIBU~1\AppData\Local\Temp\ccTqmaRc.ltrans0.ltrans.o
 .text.unlikely._mmcsd_get_capacity
                0x080009fc       0x44 C:\Users\RAKIBU~1\AppData\Local\Temp\ccTqmaRc.ltrans0.ltrans.o
 .text.chSchGoSleepS
                0x08000a40       0x28 C:\Users\RAKIBU~1\AppData\Local\Temp\ccTqmaRc.ltrans0.ltrans.o
 *fill*         0x08000a68        0x8 
 .text.chMtxLockS
                0x08000a70       0xe4 C:\Users\RAKIBU~1\AppData\Local\Temp\ccTqmaRc.ltrans0.ltrans.o
 *fill*         0x08000b54        0xc 
 .text.chSchGoSleepTimeoutS
                0x08000b60      0x118 C:\Users\RAKIBU~1\AppData\Local\Temp\ccTqmaRc.ltrans0.ltrans.o
 *fill*         0x08000c78        0x8 
 .text.chThdEnqueueTimeoutS
                0x08000c80       0x28 C:\Users\RAKIBU~1\AppData\Local\Temp\ccTqmaRc.ltrans0.ltrans.o
 *fill*         0x08000ca8        0x8 
 .text.oqPutTimeout
                0x08000cb0       0x50 C:\Users\RAKIBU~1\AppData\Local\Temp\ccTqmaRc.ltrans0.ltrans.o
 .text._putt    0x08000d00        0x8 C:\Users\RAKIBU~1\AppData\Local\Temp\ccTqmaRc.ltrans0.ltrans.o
 *fill*         0x08000d08        0x8 
 .text._put     0x08000d10        0xc C:\Users\RAKIBU~1\AppData\Local\Temp\ccTqmaRc.ltrans0.ltrans.o
 *fill*         0x08000d1c        0x4 
 .text.iqGetTimeout
                0x08000d20       0x54 C:\Users\RAKIBU~1\AppData\Local\Temp\ccTqmaRc.ltrans0.ltrans.o
 *fill*         0x08000d74        0xc 
 .text._gett    0x08000d80        0x8 C:\Users\RAKIBU~1\AppData\Local\Temp\ccTqmaRc.ltrans0.ltrans.o
 *fill*         0x08000d88        0x8 
 .text._get     0x08000d90        0xc C:\Users\RAKIBU~1\AppData\Local\Temp\ccTqmaRc.ltrans0.ltrans.o
 *fill*         0x08000d9c        0x4 
 .text.chThdSleep
                0x08000da0       0x18 C:\Users\RAKIBU~1\AppData\Local\Temp\ccTqmaRc.ltrans0.ltrans.o
 *fill*         0x08000db8        0x8 
 .text._sdc_wait_for_transfer_state
                0x08000dc0       0x40 C:\Users\RAKIBU~1\AppData\Local\Temp\ccTqmaRc.ltrans0.ltrans.o
 .text.sdcDisconnect
                0x08000e00       0x3c C:\Users\RAKIBU~1\AppData\Local\Temp\ccTqmaRc.ltrans0.ltrans.o
 *fill*         0x08000e3c        0x4 
 .text.sdc_lld_wait_transaction_end
                0x08000e40       0x7c C:\Users\RAKIBU~1\AppData\Local\Temp\ccTqmaRc.ltrans0.ltrans.o
 *fill*         0x08000ebc        0x4 
 .text.sdc_lld_write_aligned.part.5
                0x08000ec0       0x9c C:\Users\RAKIBU~1\AppData\Local\Temp\ccTqmaRc.ltrans0.ltrans.o
 *fill*         0x08000f5c        0x4 
 .text.sdcWrite
                0x08000f60       0xa4 C:\Users\RAKIBU~1\AppData\Local\Temp\ccTqmaRc.ltrans0.ltrans.o
 *fill*         0x08001004        0xc 
 .text.disk_write
                0x08001010       0x28 C:\Users\RAKIBU~1\AppData\Local\Temp\ccTqmaRc.ltrans0.ltrans.o
 *fill*         0x08001038        0x8 
 .text.sync_window.part.5
                0x08001040       0x44 C:\Users\RAKIBU~1\AppData\Local\Temp\ccTqmaRc.ltrans0.ltrans.o
 *fill*         0x08001084        0xc 
 .text.sdc_lld_read_aligned.part.4
                0x08001090       0x98 C:\Users\RAKIBU~1\AppData\Local\Temp\ccTqmaRc.ltrans0.ltrans.o
 *fill*         0x08001128        0x8 
 .text.sdcRead  0x08001130       0xa4 C:\Users\RAKIBU~1\AppData\Local\Temp\ccTqmaRc.ltrans0.ltrans.o
 *fill*         0x080011d4        0xc 
 .text.disk_read
                0x080011e0       0x28 C:\Users\RAKIBU~1\AppData\Local\Temp\ccTqmaRc.ltrans0.ltrans.o
 *fill*         0x08001208        0x8 
 .text.move_window.part.6
                0x08001210       0x30 C:\Users\RAKIBU~1\AppData\Local\Temp\ccTqmaRc.ltrans0.ltrans.o
 .text.get_fat.isra.9
                0x08001240       0xe8 C:\Users\RAKIBU~1\AppData\Local\Temp\ccTqmaRc.ltrans0.ltrans.o
 *fill*         0x08001328        0x8 
 .text.dir_sdi  0x08001330       0x9c C:\Users\RAKIBU~1\AppData\Local\Temp\ccTqmaRc.ltrans0.ltrans.o
 *fill*         0x080013cc        0x4 
 .text.put_fat.part.8
                0x080013d0      0x140 C:\Users\RAKIBU~1\AppData\Local\Temp\ccTqmaRc.ltrans0.ltrans.o
 .text.check_fs
                0x08001510       0x94 C:\Users\RAKIBU~1\AppData\Local\Temp\ccTqmaRc.ltrans0.ltrans.o
 *fill*         0x080015a4        0xc 
 .text.find_volume
                0x080015b0      0x31c C:\Users\RAKIBU~1\AppData\Local\Temp\ccTqmaRc.ltrans0.ltrans.o
 *fill*         0x080018cc        0x4 
 .text.sdc_lld_read_special
                0x080018d0       0x90 C:\Users\RAKIBU~1\AppData\Local\Temp\ccTqmaRc.ltrans0.ltrans.o
 .text.myPrintf
                0x08001960      0x410 C:\Users\RAKIBU~1\AppData\Local\Temp\ccTqmaRc.ltrans0.ltrans.o
 .text.sdcConnect
                0x08001d70      0x394 C:\Users\RAKIBU~1\AppData\Local\Temp\ccTqmaRc.ltrans0.ltrans.o
 *fill*         0x08002104        0xc 
 .text.oqWriteTimeout
                0x08002110       0xcc C:\Users\RAKIBU~1\AppData\Local\Temp\ccTqmaRc.ltrans0.ltrans.o
 *fill*         0x080021dc        0x4 
 .text._writet  0x080021e0        0x8 C:\Users\RAKIBU~1\AppData\Local\Temp\ccTqmaRc.ltrans0.ltrans.o
 *fill*         0x080021e8        0x8 
 .text._write   0x080021f0        0xc C:\Users\RAKIBU~1\AppData\Local\Temp\ccTqmaRc.ltrans0.ltrans.o
 *fill*         0x080021fc        0x4 
 .text.iqReadTimeout
                0x08002200       0xcc C:\Users\RAKIBU~1\AppData\Local\Temp\ccTqmaRc.ltrans0.ltrans.o
 *fill*         0x080022cc        0x4 
 .text._readt   0x080022d0        0x8 C:\Users\RAKIBU~1\AppData\Local\Temp\ccTqmaRc.ltrans0.ltrans.o
 *fill*         0x080022d8        0x8 
 .text._read    0x080022e0        0xc C:\Users\RAKIBU~1\AppData\Local\Temp\ccTqmaRc.ltrans0.ltrans.o
 *fill*         0x080022ec        0x4 
 .text.SVC_Handler
                0x080022f0       0x14 C:\Users\RAKIBU~1\AppData\Local\Temp\ccTqmaRc.ltrans0.ltrans.o
                0x080022f0                SVC_Handler
 *fill*         0x08002304        0xc 
 .text.chThdExit
                0x08002310       0x50 C:\Users\RAKIBU~1\AppData\Local\Temp\ccTqmaRc.ltrans0.ltrans.o
                0x08002310                chThdExit
 .text.chSchDoRescheduleAhead
                0x08002360       0x40 C:\Users\RAKIBU~1\AppData\Local\Temp\ccTqmaRc.ltrans0.ltrans.o
                0x08002360                chSchDoReschedule
 .text.chMtxUnlock
                0x080023a0       0x78 C:\Users\RAKIBU~1\AppData\Local\Temp\ccTqmaRc.ltrans0.ltrans.o
 *fill*         0x08002418        0x8 
 .text.chHeapAllocAligned.constprop.11
                0x08002420       0xe0 C:\Users\RAKIBU~1\AppData\Local\Temp\ccTqmaRc.ltrans0.ltrans.o
 .text.chHeapFree
                0x08002500       0xa0 C:\Users\RAKIBU~1\AppData\Local\Temp\ccTqmaRc.ltrans0.ltrans.o
 .text.dir_next
                0x080025a0      0x308 C:\Users\RAKIBU~1\AppData\Local\Temp\ccTqmaRc.ltrans0.ltrans.o
 *fill*         0x080028a8        0x8 
 .text.dir_find
                0x080028b0      0x1d8 C:\Users\RAKIBU~1\AppData\Local\Temp\ccTqmaRc.ltrans0.ltrans.o
 *fill*         0x08002a88        0x8 
 .text.startup.main
                0x08002a90      0xc24 C:\Users\RAKIBU~1\AppData\Local\Temp\ccTqmaRc.ltrans0.ltrans.o
                0x08002a90                main
 *fill*         0x080036b4        0xc 
 .text.__early_init
                0x080036c0      0x268 C:\Users\RAKIBU~1\AppData\Local\Temp\ccTqmaRc.ltrans0.ltrans.o
                0x080036c0                __early_init
 *fill*         0x08003928        0x8 
 .text.Vector15C
                0x08003930      0x1b4 C:\Users\RAKIBU~1\AppData\Local\Temp\ccTqmaRc.ltrans0.ltrans.o
                0x08003930                Vector15C
 *fill*         0x08003ae4        0xc 
 .text.VectorB0
                0x08003af0       0xa4 C:\Users\RAKIBU~1\AppData\Local\Temp\ccTqmaRc.ltrans0.ltrans.o
                0x08003af0                VectorB0
 *fill*         0x08003b94        0xc 
 .text.Vector104
                0x08003ba0       0x34 C:\Users\RAKIBU~1\AppData\Local\Temp\ccTqmaRc.ltrans0.ltrans.o
                0x08003ba0                Vector104
 *fill*         0x08003bd4        0xc 
 .text.Vector158
                0x08003be0       0x2c C:\Users\RAKIBU~1\AppData\Local\Temp\ccTqmaRc.ltrans0.ltrans.o
                0x08003be0                Vector158
 *fill*         0x08003c0c        0x4 
 .text.Vector154
                0x08003c10       0x2c C:\Users\RAKIBU~1\AppData\Local\Temp\ccTqmaRc.ltrans0.ltrans.o
                0x08003c10                Vector154
 *fill*         0x08003c3c        0x4 
 .text.Vector150
                0x08003c40       0x2c C:\Users\RAKIBU~1\AppData\Local\Temp\ccTqmaRc.ltrans0.ltrans.o
                0x08003c40                Vector150
 *fill*         0x08003c6c        0x4 
 .text.Vector130
                0x08003c70       0x28 C:\Users\RAKIBU~1\AppData\Local\Temp\ccTqmaRc.ltrans0.ltrans.o
                0x08003c70                Vector130
 *fill*         0x08003c98        0x8 
 .text.Vector12C
                0x08003ca0       0x2c C:\Users\RAKIBU~1\AppData\Local\Temp\ccTqmaRc.ltrans0.ltrans.o
                0x08003ca0                Vector12C
 *fill*         0x08003ccc        0x4 
 .text.Vector128
                0x08003cd0       0x2c C:\Users\RAKIBU~1\AppData\Local\Temp\ccTqmaRc.ltrans0.ltrans.o
                0x08003cd0                Vector128
 *fill*         0x08003cfc        0x4 
 .text.Vector124
                0x08003d00       0x2c C:\Users\RAKIBU~1\AppData\Local\Temp\ccTqmaRc.ltrans0.ltrans.o
                0x08003d00                Vector124
 *fill*         0x08003d2c        0x4 
 .text.Vector120
                0x08003d30       0x28 C:\Users\RAKIBU~1\AppData\Local\Temp\ccTqmaRc.ltrans0.ltrans.o
                0x08003d30                Vector120
 *fill*         0x08003d58        0x8 
 .text.VectorFC
                0x08003d60       0x2c C:\Users\RAKIBU~1\AppData\Local\Temp\ccTqmaRc.ltrans0.ltrans.o
                0x08003d60                VectorFC
 *fill*         0x08003d8c        0x4 
 .text.Vector84
                0x08003d90       0x2c C:\Users\RAKIBU~1\AppData\Local\Temp\ccTqmaRc.ltrans0.ltrans.o
                0x08003d90                Vector84
 *fill*         0x08003dbc        0x4 
 .text.Vector80
                0x08003dc0       0x2c C:\Users\RAKIBU~1\AppData\Local\Temp\ccTqmaRc.ltrans0.ltrans.o
                0x08003dc0                Vector80
 *fill*         0x08003dec        0x4 
 .text.Vector7C
                0x08003df0       0x28 C:\Users\RAKIBU~1\AppData\Local\Temp\ccTqmaRc.ltrans0.ltrans.o
                0x08003df0                Vector7C
 *fill*         0x08003e18        0x8 
 .text.Vector78
                0x08003e20       0x2c C:\Users\RAKIBU~1\AppData\Local\Temp\ccTqmaRc.ltrans0.ltrans.o
                0x08003e20                Vector78
 *fill*         0x08003e4c        0x4 
 .text.Vector74
                0x08003e50       0x2c C:\Users\RAKIBU~1\AppData\Local\Temp\ccTqmaRc.ltrans0.ltrans.o
                0x08003e50                Vector74
 *fill*         0x08003e7c        0x4 
 .text.Vector70
                0x08003e80       0x2c C:\Users\RAKIBU~1\AppData\Local\Temp\ccTqmaRc.ltrans0.ltrans.o
                0x08003e80                Vector70
 *fill*         0x08003eac        0x4 
 .text.Vector6C
                0x08003eb0       0x28 C:\Users\RAKIBU~1\AppData\Local\Temp\ccTqmaRc.ltrans0.ltrans.o
                0x08003eb0                Vector6C
 *fill*         0x08003ed8        0x8 
 .text.__init_ram_areas
                0x08003ee0       0x68 C:\Users\RAKIBU~1\AppData\Local\Temp\ccTqmaRc.ltrans0.ltrans.o
                0x08003ee0                __init_ram_areas
 *fill*         0x08003f48        0x8 
 .text.__default_exit
                0x08003f50        0x4 C:\Users\RAKIBU~1\AppData\Local\Temp\ccTqmaRc.ltrans0.ltrans.o
                0x08003f50                __default_exit
 *fill*         0x08003f54        0xc 
 .text.__late_init
                0x08003f60        0x4 C:\Users\RAKIBU~1\AppData\Local\Temp\ccTqmaRc.ltrans0.ltrans.o
                0x08003f60                __late_init
 *fill*         0x08003f64        0xc 
 .text.__core_init
                0x08003f70        0x4 C:\Users\RAKIBU~1\AppData\Local\Temp\ccTqmaRc.ltrans0.ltrans.o
                0x08003f70                __core_init
 *(.glue_7t)
 .glue_7t       0x08003f74        0x0 linker stubs
 *(.glue_7)
 .glue_7        0x08003f74        0x0 linker stubs
 *(.gcc*)
                0x08003f74                __text_end__ = .

.vfp11_veneer   0x08003f74        0x0
 .vfp11_veneer  0x08003f74        0x0 linker stubs

.v4_bx          0x08003f74        0x0
 .v4_bx         0x08003f74        0x0 linker stubs

.iplt           0x08003f74        0x0
 .iplt          0x08003f74        0x0 ./build/obj/crt0_v7m.o

.rodata         0x08003f74      0x6e8
                0x08003f74                __rodata_base__ = .
 *(.rodata)
 *(.rodata.*)
 .rodata.ExCvt  0x08003f74       0x80 C:\Users\RAKIBU~1\AppData\Local\Temp\ccTqmaRc.ltrans0.ltrans.o
 .rodata.LfnOfs
                0x08003ff4        0xd C:\Users\RAKIBU~1\AppData\Local\Temp\ccTqmaRc.ltrans0.ltrans.o
 *fill*         0x08004001        0x3 
 .rodata._stm32_dma_streams
                0x08004004       0xc0 C:\Users\RAKIBU~1\AppData\Local\Temp\ccTqmaRc.ltrans0.ltrans.o
 .rodata.ch_debug
                0x080040c4       0x16 C:\Users\RAKIBU~1\AppData\Local\Temp\ccTqmaRc.ltrans0.ltrans.o
 *fill*         0x080040da        0x2 
 .rodata.check_fs.str1.4
                0x080040dc        0x6 C:\Users\RAKIBU~1\AppData\Local\Temp\ccTqmaRc.ltrans0.ltrans.o
 *fill*         0x080040e2        0x2 
 .rodata.crc32tab
                0x080040e4       0x40 C:\Users\RAKIBU~1\AppData\Local\Temp\ccTqmaRc.ltrans0.ltrans.o
 .rodata.cvt1.4382
                0x08004124      0x1f2 C:\Users\RAKIBU~1\AppData\Local\Temp\ccTqmaRc.ltrans0.ltrans.o
 *fill*         0x08004316        0x2 
 .rodata.cvt2.4383
                0x08004318       0xbc C:\Users\RAKIBU~1\AppData\Local\Temp\ccTqmaRc.ltrans0.ltrans.o
 .rodata.main.str1.4
                0x080043d4       0xaf C:\Users\RAKIBU~1\AppData\Local\Temp\ccTqmaRc.ltrans0.ltrans.o
 *fill*         0x08004483        0x1 
 .rodata.myPrintf.str1.4
                0x08004484        0x8 C:\Users\RAKIBU~1\AppData\Local\Temp\ccTqmaRc.ltrans0.ltrans.o
                                  0x7 (size before relaxing)
 .rodata.ram_areas
                0x0800448c       0x80 C:\Users\RAKIBU~1\AppData\Local\Temp\ccTqmaRc.ltrans0.ltrans.o
 .rodata.sdc_vmt
                0x0800450c       0x24 C:\Users\RAKIBU~1\AppData\Local\Temp\ccTqmaRc.ltrans0.ltrans.o
 .rodata.sdccfg
                0x08004530        0x1 C:\Users\RAKIBU~1\AppData\Local\Temp\ccTqmaRc.ltrans0.ltrans.o
 *fill*         0x08004531        0x3 
 .rodata.uc850  0x08004534      0x100 C:\Users\RAKIBU~1\AppData\Local\Temp\ccTqmaRc.ltrans0.ltrans.o
 .rodata.vmt    0x08004634       0x28 C:\Users\RAKIBU~1\AppData\Local\Temp\ccTqmaRc.ltrans0.ltrans.o
                0x0800465c                . = ALIGN (0x4)
                0x0800465c                __rodata_end__ = .

.rel.dyn        0x0800465c        0x0
 .rel.iplt      0x0800465c        0x0 ./build/obj/crt0_v7m.o

.ARM.extab
 *(.ARM.extab* .gnu.linkonce.armextab.*)

.ARM.exidx      0x0800465c        0x0
                0x0800465c                __exidx_base__ = .
                0x0800465c                __exidx_start = .
 *(.ARM.exidx* .gnu.linkonce.armexidx.*)
                0x0800465c                __exidx_end__ = .
                0x0800465c                __exidx_end = .

.eh_frame_hdr
 *(.eh_frame_hdr)

.eh_frame
 *(.eh_frame)

.data           0x20000800        0x0 load address 0x0800465c
                [!provide]                PROVIDE (_textdata, LOADADDR (.data))
                [!provide]                PROVIDE (_data, .)
                0x0800465c                __textdata_base__ = LOADADDR (.data)
                0x20000800                __data_base__ = .
 *(.data)
 *(.data.*)
 *(.ramtext)
                0x20000800                . = ALIGN (0x4)
                [!provide]                PROVIDE (_edata, .)
                0x20000800                __data_end__ = .

.igot.plt       0x20000800        0x0 load address 0x0800465c
 .igot.plt      0x20000800        0x0 ./build/obj/crt0_v7m.o

.bss            0x20000800      0xf70 load address 0x0800465c
                0x20000800                __bss_base__ = .
 *(.bss)
 *(.bss.*)
 .bss.FatFs     0x20000800        0x4 C:\Users\RAKIBU~1\AppData\Local\Temp\ccTqmaRc.ltrans0.ltrans.o
 .bss.Fsid      0x20000804        0x2 C:\Users\RAKIBU~1\AppData\Local\Temp\ccTqmaRc.ltrans0.ltrans.o
 *fill*         0x20000806        0x2 
 .bss.SD6       0x20000808       0x7c C:\Users\RAKIBU~1\AppData\Local\Temp\ccTqmaRc.ltrans0.ltrans.o
 .bss.SDCD1     0x20000884      0x24c C:\Users\RAKIBU~1\AppData\Local\Temp\ccTqmaRc.ltrans0.ltrans.o
 .bss.SDC_FS    0x20000ad0      0x234 C:\Users\RAKIBU~1\AppData\Local\Temp\ccTqmaRc.ltrans0.ltrans.o
 .bss.ch        0x20000d04       0x78 C:\Users\RAKIBU~1\AppData\Local\Temp\ccTqmaRc.ltrans0.ltrans.o
 .bss.ch_factory
                0x20000d7c       0x48 C:\Users\RAKIBU~1\AppData\Local\Temp\ccTqmaRc.ltrans0.ltrans.o
 *fill*         0x20000dc4        0x4 
 .bss.ch_idle_thread_wa
                0x20000dc8       0xd8 C:\Users\RAKIBU~1\AppData\Local\Temp\ccTqmaRc.ltrans0.ltrans.o
 .bss.ch_memcore
                0x20000ea0        0x8 C:\Users\RAKIBU~1\AppData\Local\Temp\ccTqmaRc.ltrans0.ltrans.o
 .bss.currentFile
                0x20000ea8      0x228 C:\Users\RAKIBU~1\AppData\Local\Temp\ccTqmaRc.ltrans0.ltrans.o
 .bss.default_heap
                0x200010d0       0x1c C:\Users\RAKIBU~1\AppData\Local\Temp\ccTqmaRc.ltrans0.ltrans.o
 .bss.dma       0x200010ec       0x84 C:\Users\RAKIBU~1\AppData\Local\Temp\ccTqmaRc.ltrans0.ltrans.o
 .bss.readBuff  0x20001170      0x400 C:\Users\RAKIBU~1\AppData\Local\Temp\ccTqmaRc.ltrans0.ltrans.o
 .bss.u         0x20001570      0x200 C:\Users\RAKIBU~1\AppData\Local\Temp\ccTqmaRc.ltrans0.ltrans.o
 *(COMMON)
                0x20001770                . = ALIGN (0x4)
                0x20001770                __bss_end__ = .
                [!provide]                PROVIDE (end, .)
                0x20000000                __ram0_base__ = ORIGIN (ram0)
                0x00020000                __ram0_size__ = LENGTH (ram0)
                0x20020000                __ram0_end__ = (__ram0_base__ + __ram0_size__)
                0x20000000                __ram1_base__ = ORIGIN (ram1)
                0x0001c000                __ram1_size__ = LENGTH (ram1)
                0x2001c000                __ram1_end__ = (__ram1_base__ + __ram1_size__)
                0x2001c000                __ram2_base__ = ORIGIN (ram2)
                0x00004000                __ram2_size__ = LENGTH (ram2)
                0x20020000                __ram2_end__ = (__ram2_base__ + __ram2_size__)
                0x00000000                __ram3_base__ = ORIGIN (ram3)
                0x00000000                __ram3_size__ = LENGTH (ram3)
                0x00000000                __ram3_end__ = (__ram3_base__ + __ram3_size__)
                0x10000000                __ram4_base__ = ORIGIN (ram4)
                0x00010000                __ram4_size__ = LENGTH (ram4)
                0x10010000                __ram4_end__ = (__ram4_base__ + __ram4_size__)
                0x40024000                __ram5_base__ = ORIGIN (ram5)
                0x00001000                __ram5_size__ = LENGTH (ram5)
                0x40025000                __ram5_end__ = (__ram5_base__ + __ram5_size__)
                0x00000000                __ram6_base__ = ORIGIN (ram6)
                0x00000000                __ram6_size__ = LENGTH (ram6)
                0x00000000                __ram6_end__ = (__ram6_base__ + __ram6_size__)
                0x00000000                __ram7_base__ = ORIGIN (ram7)
                0x00000000                __ram7_size__ = LENGTH (ram7)
                0x00000000                __ram7_end__ = (__ram7_base__ + __ram7_size__)
                0x08000000                __flash0_base__ = ORIGIN (flash0)
                0x00100000                __flash0_size__ = LENGTH (flash0)
                0x08100000                __flash0_end__ = (__flash0_base__ + __flash0_size__)
                0x00000000                __flash1_base__ = ORIGIN (flash1)
                0x00000000                __flash1_size__ = LENGTH (flash1)
                0x00000000                __flash1_end__ = (__flash1_base__ + __flash1_size__)
                0x00000000                __flash2_base__ = ORIGIN (flash2)
                0x00000000                __flash2_size__ = LENGTH (flash2)
                0x00000000                __flash2_end__ = (__flash2_base__ + __flash2_size__)
                0x00000000                __flash3_base__ = ORIGIN (flash3)
                0x00000000                __flash3_size__ = LENGTH (flash3)
                0x00000000                __flash3_end__ = (__flash3_base__ + __flash3_size__)
                0x00000000                __flash4_base__ = ORIGIN (flash4)
                0x00000000                __flash4_size__ = LENGTH (flash4)
                0x00000000                __flash4_end__ = (__flash4_base__ + __flash4_size__)
                0x00000000                __flash5_base__ = ORIGIN (flash5)
                0x00000000                __flash5_size__ = LENGTH (flash5)
                0x00000000                __flash5_end__ = (__flash5_base__ + __flash5_size__)
                0x00000000                __flash6_base__ = ORIGIN (flash6)
                0x00000000                __flash6_size__ = LENGTH (flash6)
                0x00000000                __flash6_end__ = (__flash6_base__ + __flash6_size__)
                0x00000000                __flash7_base__ = ORIGIN (flash7)
                0x00000000                __flash7_size__ = LENGTH (flash7)
                0x00000000                __flash7_end__ = (__flash7_base__ + __flash7_size__)

.ram0_init      0x20001770        0x0 load address 0x0800465c
                0x0800465c                __ram0_init_text__ = LOADADDR (.ram0_init)
                0x20001770                __ram0_init__ = .
 *(.ram0_init)
 *(.ram0_init.*)
                0x20001770                . = ALIGN (0x4)

.ram0           0x20001770        0x0 load address 0x0800465c
                0x20001770                __ram0_clear__ = .
 *(.ram0_clear)
 *(.ram0_clear.*)
                0x20001770                . = ALIGN (0x4)
                0x20001770                __ram0_noinit__ = .
 *(.ram0)
 *(.ram0.*)
                0x20001770                . = ALIGN (0x4)
                0x20001770                __ram0_free__ = .

.ram1_init      0x20000000        0x0 load address 0x0800465c
                0x0800465c                __ram1_init_text__ = LOADADDR (.ram1_init)
                0x20000000                __ram1_init__ = .
 *(.ram1_init)
 *(.ram1_init.*)
                0x20000000                . = ALIGN (0x4)

.ram1           0x20000000        0x0 load address 0x0800465c
                0x20000000                __ram1_clear__ = .
 *(.ram1_clear)
 *(.ram1_clear.*)
                0x20000000                . = ALIGN (0x4)
                0x20000000                __ram1_noinit__ = .
 *(.ram1)
 *(.ram1.*)
                0x20000000                . = ALIGN (0x4)
                0x20000000                __ram1_free__ = .

.ram2_init      0x2001c000        0x0 load address 0x0800465c
                0x0800465c                __ram2_init_text__ = LOADADDR (.ram2_init)
                0x2001c000                __ram2_init__ = .
 *(.ram2_init)
 *(.ram2_init.*)
                0x2001c000                . = ALIGN (0x4)

.ram2           0x2001c000        0x0 load address 0x0800465c
                0x2001c000                __ram2_clear__ = .
 *(.ram2_clear)
 *(.ram2_clear.*)
                0x2001c000                . = ALIGN (0x4)
                0x2001c000                __ram2_noinit__ = .
 *(.ram2)
 *(.ram2.*)
                0x2001c000                . = ALIGN (0x4)
                0x2001c000                __ram2_free__ = .

.ram3_init      0x00000000        0x0 load address 0x0800465c
                0x0800465c                __ram3_init_text__ = LOADADDR (.ram3_init)
                0x00000000                __ram3_init__ = .
 *(.ram3_init)
 *(.ram3_init.*)
                0x00000000                . = ALIGN (0x4)

.ram3           0x00000000        0x0 load address 0x0800465c
                0x00000000                __ram3_clear__ = .
 *(.ram3_clear)
 *(.ram3_clear.*)
                0x00000000                . = ALIGN (0x4)
                0x00000000                __ram3_noinit__ = .
 *(.ram3)
 *(.ram3.*)
                0x00000000                . = ALIGN (0x4)
                0x00000000                __ram3_free__ = .

.ram4_init      0x10000000        0x0 load address 0x0800465c
                0x0800465c                __ram4_init_text__ = LOADADDR (.ram4_init)
                0x10000000                __ram4_init__ = .
 *(.ram4_init)
 *(.ram4_init.*)
                0x10000000                . = ALIGN (0x4)

.ram4           0x10000000        0x0 load address 0x0800465c
                0x10000000                __ram4_clear__ = .
 *(.ram4_clear)
 *(.ram4_clear.*)
                0x10000000                . = ALIGN (0x4)
                0x10000000                __ram4_noinit__ = .
 *(.ram4)
 *(.ram4.*)
                0x10000000                . = ALIGN (0x4)
                0x10000000                __ram4_free__ = .

.ram5_init      0x40024000        0x0 load address 0x0800465c
                0x0800465c                __ram5_init_text__ = LOADADDR (.ram5_init)
                0x40024000                __ram5_init__ = .
 *(.ram5_init)
 *(.ram5_init.*)
                0x40024000                . = ALIGN (0x4)

.ram5           0x40024000        0x0 load address 0x0800465c
                0x40024000                __ram5_clear__ = .
 *(.ram5_clear)
 *(.ram5_clear.*)
                0x40024000                . = ALIGN (0x4)
                0x40024000                __ram5_noinit__ = .
 *(.ram5)
 *(.ram5.*)
                0x40024000                . = ALIGN (0x4)
                0x40024000                __ram5_free__ = .

.ram6_init      0x00000000        0x0 load address 0x0800465c
                0x0800465c                __ram6_init_text__ = LOADADDR (.ram6_init)
                0x00000000                __ram6_init__ = .
 *(.ram6_init)
 *(.ram6_init.*)
                0x00000000                . = ALIGN (0x4)

.ram6           0x00000000        0x0 load address 0x0800465c
                0x00000000                __ram6_clear__ = .
 *(.ram6_clear)
 *(.ram6_clear.*)
                0x00000000                . = ALIGN (0x4)
                0x00000000                __ram6_noinit__ = .
 *(.ram6)
 *(.ram6.*)
                0x00000000                . = ALIGN (0x4)
                0x00000000                __ram6_free__ = .

.ram7_init      0x00000000        0x0 load address 0x0800465c
                0x0800465c                __ram7_init_text__ = LOADADDR (.ram7_init)
                0x00000000                __ram7_init__ = .
 *(.ram7_init)
 *(.ram7_init.*)
                0x00000000                . = ALIGN (0x4)

.ram7           0x00000000        0x0 load address 0x0800465c
                0x00000000                __ram7_clear__ = .
 *(.ram7_clear)
 *(.ram7_clear.*)
                0x00000000                . = ALIGN (0x4)
                0x00000000                __ram7_noinit__ = .
 *(.ram7)
 *(.ram7.*)
                0x00000000                . = ALIGN (0x4)
                0x00000000                __ram7_free__ = .

.flash0         0x0800465c        0x0
                0x0800465c                __flash0_init__ = .
 *(.flash0_init)
 *(.flash0_init.*)
                0x0800465c                __flash0_free__ = .

.flash1         0x00000000        0x0
                0x00000000                __flash1_init__ = .
 *(.flash1_init)
 *(.flash1_init.*)
                0x00000000                __flash1_free__ = .

.flash2         0x00000000        0x0
                0x00000000                __flash2_init__ = .
 *(.flash2_init)
 *(.flash2_init.*)
                0x00000000                __flash2_free__ = .

.flash3         0x00000000        0x0
                0x00000000                __flash3_init__ = .
 *(.flash3_init)
 *(.flash3_init.*)
                0x00000000                __flash3_free__ = .

.flash4         0x00000000        0x0
                0x00000000                __flash4_init__ = .
 *(.flash4_init)
 *(.flash4_init.*)
                0x00000000                __flash4_free__ = .

.flash5         0x00000000        0x0
                0x00000000                __flash5_init__ = .
 *(.flash5_init)
 *(.flash5_init.*)
                0x00000000                __flash5_free__ = .

.flash6         0x00000000        0x0
                0x00000000                __flash6_init__ = .
 *(.flash6_init)
 *(.flash6_init.*)
                0x00000000                __flash6_free__ = .

.flash7         0x00000000        0x0
                0x00000000                __flash7_init__ = .
 *(.flash7_init)
 *(.flash7_init.*)
                0x00000000                __flash7_free__ = .

.heap           0x20001770    0x1e890
                0x20001770                . = ALIGN (0x8)
                0x20001770                __heap_base__ = .
                0x20020000                . = (ORIGIN (HEAP_RAM) + LENGTH (HEAP_RAM))
 *fill*         0x20001770    0x1e890 
                0x20020000                __heap_end__ = .
                0x00000400                __process_stack_size__ = 0x400
                0x00000400                __main_stack_size__ = 0x400
START GROUP
LOAD c:/chibistudio/tools/gnu tools arm embedded/7.0 2017q4/bin/../lib/gcc/arm-none-eabi/7.2.1/thumb/v7e-m\libgcc.a
LOAD c:/chibistudio/tools/gnu tools arm embedded/7.0 2017q4/bin/../lib/gcc/arm-none-eabi/7.2.1/../../../../arm-none-eabi/lib/thumb/v7e-m\libg.a
LOAD c:/chibistudio/tools/gnu tools arm embedded/7.0 2017q4/bin/../lib/gcc/arm-none-eabi/7.2.1/../../../../arm-none-eabi/lib/thumb/v7e-m\libc.a
END GROUP
OUTPUT(build/ch.elf elf32-littlearm)

.ARM.attributes
                0x00000000       0x2d
 .ARM.attributes
                0x00000000       0x21 ./build/obj/crt0_v7m.o
 .ARM.attributes
                0x00000021       0x21 ./build/obj/vectors.o
 .ARM.attributes
                0x00000042       0x21 ./build/obj/chcoreasm_v7m.o
 .ARM.attributes
                0x00000063       0x31 C:\Users\RAKIBU~1\AppData\Local\Temp\ccTqmaRc.ltrans0.ltrans.o
 .ARM.attributes
                0x00000094       0x1c c:/chibistudio/tools/gnu tools arm embedded/7.0 2017q4/bin/../lib/gcc/arm-none-eabi/7.2.1/../../../../arm-none-eabi/lib/thumb/v7e-m\libg.a(lib_a-memcpy.o)

.comment        0x00000000       0x7e
 .comment       0x00000000       0x7e C:\Users\RAKIBU~1\AppData\Local\Temp\ccTqmaRc.ltrans0.ltrans.o
                                 0x7f (size before relaxing)

.debug_line     0x00000000     0x2e4e
 .debug_line    0x00000000       0xcd ./build/obj/crt0_v7m.o
 .debug_line    0x000000cd       0x77 ./build/obj/vectors.o
 .debug_line    0x00000144       0x8e ./build/obj/chcoreasm_v7m.o
 .debug_line    0x000001d2     0x2c7c C:\Users\RAKIBU~1\AppData\Local\Temp\ccTqmaRc.ltrans0.ltrans.o

.debug_info     0x00000000     0xcb2a
 .debug_info    0x00000000       0x26 ./build/obj/crt0_v7m.o
 .debug_info    0x00000026       0x26 ./build/obj/vectors.o
 .debug_info    0x0000004c       0x26 ./build/obj/chcoreasm_v7m.o
 .debug_info    0x00000072     0xcab8 C:\Users\RAKIBU~1\AppData\Local\Temp\ccTqmaRc.ltrans0.ltrans.o

.debug_abbrev   0x00000000      0x891
 .debug_abbrev  0x00000000       0x14 ./build/obj/crt0_v7m.o
 .debug_abbrev  0x00000014       0x14 ./build/obj/vectors.o
 .debug_abbrev  0x00000028       0x14 ./build/obj/chcoreasm_v7m.o
 .debug_abbrev  0x0000003c      0x855 C:\Users\RAKIBU~1\AppData\Local\Temp\ccTqmaRc.ltrans0.ltrans.o

.debug_aranges  0x00000000      0x368
 .debug_aranges
                0x00000000       0x20 ./build/obj/crt0_v7m.o
 .debug_aranges
                0x00000020       0x20 ./build/obj/vectors.o
 .debug_aranges
                0x00000040       0x20 ./build/obj/chcoreasm_v7m.o
 .debug_aranges
                0x00000060      0x308 C:\Users\RAKIBU~1\AppData\Local\Temp\ccTqmaRc.ltrans0.ltrans.o

.debug_str      0x00000000     0x2cdd
 .debug_str     0x00000000       0x8b ./build/obj/crt0_v7m.o
 .debug_str     0x0000008b       0x42 ./build/obj/vectors.o
                                 0x8a (size before relaxing)
 .debug_str     0x000000cd       0x46 ./build/obj/chcoreasm_v7m.o
                                 0x8e (size before relaxing)
 .debug_str     0x00000113     0x2bca C:\Users\RAKIBU~1\AppData\Local\Temp\ccTqmaRc.ltrans0.ltrans.o
                               0x2e04 (size before relaxing)

.debug_loc      0x00000000     0x8e01
 .debug_loc     0x00000000     0x8e01 C:\Users\RAKIBU~1\AppData\Local\Temp\ccTqmaRc.ltrans0.ltrans.o

.debug_ranges   0x00000000     0x2140
 .debug_ranges  0x00000000     0x2140 C:\Users\RAKIBU~1\AppData\Local\Temp\ccTqmaRc.ltrans0.ltrans.o

.debug_frame    0x00000000      0xb68
 .debug_frame   0x00000000      0xb68 C:\Users\RAKIBU~1\AppData\Local\Temp\ccTqmaRc.ltrans0.ltrans.o

Cross Reference Table

Symbol                                            File
BusFault_Handler                                  ./build/obj/vectors.o
DebugMon_Handler                                  ./build/obj/vectors.o
HardFault_Handler                                 ./build/obj/vectors.o
MemManage_Handler                                 ./build/obj/vectors.o
NMI_Handler                                       ./build/obj/vectors.o
PendSV_Handler                                    ./build/obj/vectors.o
Reset_Handler                                     ./build/obj/vectors.o
SD6                                               ./build/obj/hal_serial_lld.o (symbol from plugin)
                                                  ./build/obj/main.o (symbol from plugin)
SDCD1                                             ./build/obj/hal_sdc_lld.o (symbol from plugin)
                                                  ./build/obj/main.o (symbol from plugin)
                                                  ./build/obj/fatfs_diskio.o (symbol from plugin)
SDC_FS                                            ./build/obj/main.o (symbol from plugin)
SVC_Handler                                       C:\Users\RAKIBU~1\AppData\Local\Temp\ccTqmaRc.ltrans0.ltrans.o
                                                  ./build/obj/chcore_v7m.o (symbol from plugin)
                                                  ./build/obj/vectors.o
SysTick_Handler                                   ./build/obj/vectors.o
SystemCoreClock                                   ./build/obj/hal_lld.o (symbol from plugin)
UsageFault_Handler                                ./build/obj/vectors.o
Vector100                                         ./build/obj/vectors.o
Vector104                                         C:\Users\RAKIBU~1\AppData\Local\Temp\ccTqmaRc.ltrans0.ltrans.o
                                                  ./build/obj/hal_sdc_lld.o (symbol from plugin)
                                                  ./build/obj/vectors.o
Vector108                                         ./build/obj/vectors.o
Vector10C                                         ./build/obj/vectors.o
Vector110                                         ./build/obj/vectors.o
Vector114                                         ./build/obj/vectors.o
Vector118                                         ./build/obj/vectors.o
Vector11C                                         ./build/obj/vectors.o
Vector120                                         C:\Users\RAKIBU~1\AppData\Local\Temp\ccTqmaRc.ltrans0.ltrans.o
                                                  ./build/obj/stm32_dma.o (symbol from plugin)
                                                  ./build/obj/vectors.o
Vector124                                         C:\Users\RAKIBU~1\AppData\Local\Temp\ccTqmaRc.ltrans0.ltrans.o
                                                  ./build/obj/stm32_dma.o (symbol from plugin)
                                                  ./build/obj/vectors.o
Vector128                                         C:\Users\RAKIBU~1\AppData\Local\Temp\ccTqmaRc.ltrans0.ltrans.o
                                                  ./build/obj/stm32_dma.o (symbol from plugin)
                                                  ./build/obj/vectors.o
Vector12C                                         C:\Users\RAKIBU~1\AppData\Local\Temp\ccTqmaRc.ltrans0.ltrans.o
                                                  ./build/obj/stm32_dma.o (symbol from plugin)
                                                  ./build/obj/vectors.o
Vector130                                         C:\Users\RAKIBU~1\AppData\Local\Temp\ccTqmaRc.ltrans0.ltrans.o
                                                  ./build/obj/stm32_dma.o (symbol from plugin)
                                                  ./build/obj/vectors.o
Vector134                                         ./build/obj/vectors.o
Vector138                                         ./build/obj/vectors.o
Vector13C                                         ./build/obj/vectors.o
Vector140                                         ./build/obj/vectors.o
Vector144                                         ./build/obj/vectors.o
Vector148                                         ./build/obj/vectors.o
Vector14C                                         ./build/obj/vectors.o
Vector150                                         C:\Users\RAKIBU~1\AppData\Local\Temp\ccTqmaRc.ltrans0.ltrans.o
                                                  ./build/obj/stm32_dma.o (symbol from plugin)
                                                  ./build/obj/vectors.o
Vector154                                         C:\Users\RAKIBU~1\AppData\Local\Temp\ccTqmaRc.ltrans0.ltrans.o
                                                  ./build/obj/stm32_dma.o (symbol from plugin)
                                                  ./build/obj/vectors.o
Vector158                                         C:\Users\RAKIBU~1\AppData\Local\Temp\ccTqmaRc.ltrans0.ltrans.o
                                                  ./build/obj/stm32_dma.o (symbol from plugin)
                                                  ./build/obj/vectors.o
Vector15C                                         C:\Users\RAKIBU~1\AppData\Local\Temp\ccTqmaRc.ltrans0.ltrans.o
                                                  ./build/obj/hal_serial_lld.o (symbol from plugin)
                                                  ./build/obj/vectors.o
Vector160                                         ./build/obj/vectors.o
Vector164                                         ./build/obj/vectors.o
Vector168                                         ./build/obj/vectors.o
Vector16C                                         ./build/obj/vectors.o
Vector170                                         ./build/obj/vectors.o
Vector174                                         ./build/obj/vectors.o
Vector178                                         ./build/obj/vectors.o
Vector17C                                         ./build/obj/vectors.o
Vector180                                         ./build/obj/vectors.o
Vector184                                         ./build/obj/vectors.o
Vector188                                         ./build/obj/vectors.o
Vector18C                                         ./build/obj/vectors.o
Vector190                                         ./build/obj/vectors.o
Vector194                                         ./build/obj/vectors.o
Vector198                                         ./build/obj/vectors.o
Vector19C                                         ./build/obj/vectors.o
Vector1A0                                         ./build/obj/vectors.o
Vector1A4                                         ./build/obj/vectors.o
Vector1A8                                         ./build/obj/vectors.o
Vector1AC                                         ./build/obj/vectors.o
Vector1B0                                         ./build/obj/vectors.o
Vector1B4                                         ./build/obj/vectors.o
Vector1B8                                         ./build/obj/vectors.o
Vector1BC                                         ./build/obj/vectors.o
Vector1C                                          ./build/obj/vectors.o
Vector1C0                                         ./build/obj/vectors.o
Vector1C4                                         ./build/obj/vectors.o
Vector1C8                                         ./build/obj/vectors.o
Vector1CC                                         ./build/obj/vectors.o
Vector1D0                                         ./build/obj/vectors.o
Vector1D4                                         ./build/obj/vectors.o
Vector1D8                                         ./build/obj/vectors.o
Vector1DC                                         ./build/obj/vectors.o
Vector20                                          ./build/obj/vectors.o
Vector24                                          ./build/obj/vectors.o
Vector28                                          ./build/obj/vectors.o
Vector34                                          ./build/obj/vectors.o
Vector40                                          ./build/obj/vectors.o
Vector44                                          ./build/obj/vectors.o
Vector48                                          ./build/obj/vectors.o
Vector4C                                          ./build/obj/vectors.o
Vector50                                          ./build/obj/vectors.o
Vector54                                          ./build/obj/vectors.o
Vector58                                          ./build/obj/vectors.o
Vector5C                                          ./build/obj/vectors.o
Vector60                                          ./build/obj/vectors.o
Vector64                                          ./build/obj/vectors.o
Vector68                                          ./build/obj/vectors.o
Vector6C                                          C:\Users\RAKIBU~1\AppData\Local\Temp\ccTqmaRc.ltrans0.ltrans.o
                                                  ./build/obj/stm32_dma.o (symbol from plugin)
                                                  ./build/obj/vectors.o
Vector70                                          C:\Users\RAKIBU~1\AppData\Local\Temp\ccTqmaRc.ltrans0.ltrans.o
                                                  ./build/obj/stm32_dma.o (symbol from plugin)
                                                  ./build/obj/vectors.o
Vector74                                          C:\Users\RAKIBU~1\AppData\Local\Temp\ccTqmaRc.ltrans0.ltrans.o
                                                  ./build/obj/stm32_dma.o (symbol from plugin)
                                                  ./build/obj/vectors.o
Vector78                                          C:\Users\RAKIBU~1\AppData\Local\Temp\ccTqmaRc.ltrans0.ltrans.o
                                                  ./build/obj/stm32_dma.o (symbol from plugin)
                                                  ./build/obj/vectors.o
Vector7C                                          C:\Users\RAKIBU~1\AppData\Local\Temp\ccTqmaRc.ltrans0.ltrans.o
                                                  ./build/obj/stm32_dma.o (symbol from plugin)
                                                  ./build/obj/vectors.o
Vector80                                          C:\Users\RAKIBU~1\AppData\Local\Temp\ccTqmaRc.ltrans0.ltrans.o
                                                  ./build/obj/stm32_dma.o (symbol from plugin)
                                                  ./build/obj/vectors.o
Vector84                                          C:\Users\RAKIBU~1\AppData\Local\Temp\ccTqmaRc.ltrans0.ltrans.o
                                                  ./build/obj/stm32_dma.o (symbol from plugin)
                                                  ./build/obj/vectors.o
Vector88                                          ./build/obj/vectors.o
Vector8C                                          ./build/obj/vectors.o
Vector90                                          ./build/obj/vectors.o
Vector94                                          ./build/obj/vectors.o
Vector98                                          ./build/obj/vectors.o
Vector9C                                          ./build/obj/vectors.o
VectorA0                                          ./build/obj/vectors.o
VectorA4                                          ./build/obj/vectors.o
VectorA8                                          ./build/obj/vectors.o
VectorAC                                          ./build/obj/vectors.o
VectorB0                                          C:\Users\RAKIBU~1\AppData\Local\Temp\ccTqmaRc.ltrans0.ltrans.o
                                                  ./build/obj/hal_st_lld.o (symbol from plugin)
                                                  ./build/obj/vectors.o
VectorB4                                          ./build/obj/vectors.o
VectorB8                                          ./build/obj/vectors.o
VectorBC                                          ./build/obj/vectors.o
VectorC0                                          ./build/obj/vectors.o
VectorC4                                          ./build/obj/vectors.o
VectorC8                                          ./build/obj/vectors.o
VectorCC                                          ./build/obj/vectors.o
VectorD0                                          ./build/obj/vectors.o
VectorD4                                          ./build/obj/vectors.o
VectorD8                                          ./build/obj/vectors.o
VectorDC                                          ./build/obj/vectors.o
VectorE0                                          ./build/obj/vectors.o
VectorE4                                          ./build/obj/vectors.o
VectorE8                                          ./build/obj/vectors.o
VectorEC                                          ./build/obj/vectors.o
VectorF0                                          ./build/obj/vectors.o
VectorF4                                          ./build/obj/vectors.o
VectorF8                                          ./build/obj/vectors.o
VectorFC                                          C:\Users\RAKIBU~1\AppData\Local\Temp\ccTqmaRc.ltrans0.ltrans.o
                                                  ./build/obj/stm32_dma.o (symbol from plugin)
                                                  ./build/obj/vectors.o
__bss_base__                                      ./build/obj/crt0_v7m.o
__bss_end__                                       ./build/obj/crt0_v7m.o
__ch_delegate_fn0                                 ./build/obj/chdelegates.o (symbol from plugin)
__ch_delegate_fn1                                 ./build/obj/chdelegates.o (symbol from plugin)
__ch_delegate_fn2                                 ./build/obj/chdelegates.o (symbol from plugin)
__ch_delegate_fn3                                 ./build/obj/chdelegates.o (symbol from plugin)
__ch_delegate_fn4                                 ./build/obj/chdelegates.o (symbol from plugin)
__core_init                                       C:\Users\RAKIBU~1\AppData\Local\Temp\ccTqmaRc.ltrans0.ltrans.o
                                                  ./build/obj/crt1.o (symbol from plugin)
                                                  ./build/obj/crt0_v7m.o
__data_base__                                     ./build/obj/crt0_v7m.o
__data_end__                                      ./build/obj/crt0_v7m.o
__default_exit                                    C:\Users\RAKIBU~1\AppData\Local\Temp\ccTqmaRc.ltrans0.ltrans.o
                                                  ./build/obj/crt1.o (symbol from plugin)
                                                  ./build/obj/crt0_v7m.o
__early_init                                      C:\Users\RAKIBU~1\AppData\Local\Temp\ccTqmaRc.ltrans0.ltrans.o
                                                  ./build/obj/board.o (symbol from plugin)
                                                  ./build/obj/crt1.o (symbol from plugin)
                                                  ./build/obj/crt0_v7m.o
__fini_array_base__                               ./build/obj/crt0_v7m.o
__fini_array_end__                                ./build/obj/crt0_v7m.o
__heap_base__                                     C:\Users\RAKIBU~1\AppData\Local\Temp\ccTqmaRc.ltrans0.ltrans.o
                                                  ./build/obj/chmemcore.o (symbol from plugin)
__heap_end__                                      C:\Users\RAKIBU~1\AppData\Local\Temp\ccTqmaRc.ltrans0.ltrans.o
                                                  ./build/obj/chmemcore.o (symbol from plugin)
__init_array_base__                               ./build/obj/crt0_v7m.o
__init_array_end__                                ./build/obj/crt0_v7m.o
__init_ram_areas                                  C:\Users\RAKIBU~1\AppData\Local\Temp\ccTqmaRc.ltrans0.ltrans.o
                                                  ./build/obj/crt1.o (symbol from plugin)
                                                  ./build/obj/crt0_v7m.o
__late_init                                       C:\Users\RAKIBU~1\AppData\Local\Temp\ccTqmaRc.ltrans0.ltrans.o
                                                  ./build/obj/crt1.o (symbol from plugin)
                                                  ./build/obj/crt0_v7m.o
__main_stack_base__                               ./build/obj/crt0_v7m.o
__main_stack_end__                                ./build/obj/vectors.o
                                                  ./build/obj/crt0_v7m.o
__process_stack_base__                            ./build/obj/crt0_v7m.o
__process_stack_end__                             ./build/obj/crt0_v7m.o
__ram0_clear__                                    C:\Users\RAKIBU~1\AppData\Local\Temp\ccTqmaRc.ltrans0.ltrans.o
                                                  ./build/obj/crt1.o (symbol from plugin)
__ram0_init__                                     C:\Users\RAKIBU~1\AppData\Local\Temp\ccTqmaRc.ltrans0.ltrans.o
                                                  ./build/obj/crt1.o (symbol from plugin)
__ram0_init_text__                                C:\Users\RAKIBU~1\AppData\Local\Temp\ccTqmaRc.ltrans0.ltrans.o
                                                  ./build/obj/crt1.o (symbol from plugin)
__ram0_noinit__                                   C:\Users\RAKIBU~1\AppData\Local\Temp\ccTqmaRc.ltrans0.ltrans.o
                                                  ./build/obj/crt1.o (symbol from plugin)
__ram1_clear__                                    C:\Users\RAKIBU~1\AppData\Local\Temp\ccTqmaRc.ltrans0.ltrans.o
                                                  ./build/obj/crt1.o (symbol from plugin)
__ram1_init__                                     C:\Users\RAKIBU~1\AppData\Local\Temp\ccTqmaRc.ltrans0.ltrans.o
                                                  ./build/obj/crt1.o (symbol from plugin)
__ram1_init_text__                                C:\Users\RAKIBU~1\AppData\Local\Temp\ccTqmaRc.ltrans0.ltrans.o
                                                  ./build/obj/crt1.o (symbol from plugin)
__ram1_noinit__                                   C:\Users\RAKIBU~1\AppData\Local\Temp\ccTqmaRc.ltrans0.ltrans.o
                                                  ./build/obj/crt1.o (symbol from plugin)
__ram2_clear__                                    C:\Users\RAKIBU~1\AppData\Local\Temp\ccTqmaRc.ltrans0.ltrans.o
                                                  ./build/obj/crt1.o (symbol from plugin)
__ram2_init__                                     C:\Users\RAKIBU~1\AppData\Local\Temp\ccTqmaRc.ltrans0.ltrans.o
                                                  ./build/obj/crt1.o (symbol from plugin)
__ram2_init_text__                                C:\Users\RAKIBU~1\AppData\Local\Temp\ccTqmaRc.ltrans0.ltrans.o
                                                  ./build/obj/crt1.o (symbol from plugin)
__ram2_noinit__                                   C:\Users\RAKIBU~1\AppData\Local\Temp\ccTqmaRc.ltrans0.ltrans.o
                                                  ./build/obj/crt1.o (symbol from plugin)
__ram3_clear__                                    C:\Users\RAKIBU~1\AppData\Local\Temp\ccTqmaRc.ltrans0.ltrans.o
                                                  ./build/obj/crt1.o (symbol from plugin)
__ram3_init__                                     C:\Users\RAKIBU~1\AppData\Local\Temp\ccTqmaRc.ltrans0.ltrans.o
                                                  ./build/obj/crt1.o (symbol from plugin)
__ram3_init_text__                                C:\Users\RAKIBU~1\AppData\Local\Temp\ccTqmaRc.ltrans0.ltrans.o
                                                  ./build/obj/crt1.o (symbol from plugin)
__ram3_noinit__                                   C:\Users\RAKIBU~1\AppData\Local\Temp\ccTqmaRc.ltrans0.ltrans.o
                                                  ./build/obj/crt1.o (symbol from plugin)
__ram4_clear__                                    C:\Users\RAKIBU~1\AppData\Local\Temp\ccTqmaRc.ltrans0.ltrans.o
                                                  ./build/obj/crt1.o (symbol from plugin)
__ram4_init__                                     C:\Users\RAKIBU~1\AppData\Local\Temp\ccTqmaRc.ltrans0.ltrans.o
                                                  ./build/obj/crt1.o (symbol from plugin)
__ram4_init_text__                                C:\Users\RAKIBU~1\AppData\Local\Temp\ccTqmaRc.ltrans0.ltrans.o
                                                  ./build/obj/crt1.o (symbol from plugin)
__ram4_noinit__                                   C:\Users\RAKIBU~1\AppData\Local\Temp\ccTqmaRc.ltrans0.ltrans.o
                                                  ./build/obj/crt1.o (symbol from plugin)
__ram5_clear__                                    C:\Users\RAKIBU~1\AppData\Local\Temp\ccTqmaRc.ltrans0.ltrans.o
                                                  ./build/obj/crt1.o (symbol from plugin)
__ram5_init__                                     C:\Users\RAKIBU~1\AppData\Local\Temp\ccTqmaRc.ltrans0.ltrans.o
                                                  ./build/obj/crt1.o (symbol from plugin)
__ram5_init_text__                                C:\Users\RAKIBU~1\AppData\Local\Temp\ccTqmaRc.ltrans0.ltrans.o
                                                  ./build/obj/crt1.o (symbol from plugin)
__ram5_noinit__                                   C:\Users\RAKIBU~1\AppData\Local\Temp\ccTqmaRc.ltrans0.ltrans.o
                                                  ./build/obj/crt1.o (symbol from plugin)
__ram6_clear__                                    C:\Users\RAKIBU~1\AppData\Local\Temp\ccTqmaRc.ltrans0.ltrans.o
                                                  ./build/obj/crt1.o (symbol from plugin)
__ram6_init__                                     C:\Users\RAKIBU~1\AppData\Local\Temp\ccTqmaRc.ltrans0.ltrans.o
                                                  ./build/obj/crt1.o (symbol from plugin)
__ram6_init_text__                                C:\Users\RAKIBU~1\AppData\Local\Temp\ccTqmaRc.ltrans0.ltrans.o
                                                  ./build/obj/crt1.o (symbol from plugin)
__ram6_noinit__                                   C:\Users\RAKIBU~1\AppData\Local\Temp\ccTqmaRc.ltrans0.ltrans.o
                                                  ./build/obj/crt1.o (symbol from plugin)
__ram7_clear__                                    C:\Users\RAKIBU~1\AppData\Local\Temp\ccTqmaRc.ltrans0.ltrans.o
                                                  ./build/obj/crt1.o (symbol from plugin)
__ram7_init__                                     C:\Users\RAKIBU~1\AppData\Local\Temp\ccTqmaRc.ltrans0.ltrans.o
                                                  ./build/obj/crt1.o (symbol from plugin)
__ram7_init_text__                                C:\Users\RAKIBU~1\AppData\Local\Temp\ccTqmaRc.ltrans0.ltrans.o
                                                  ./build/obj/crt1.o (symbol from plugin)
__ram7_noinit__                                   C:\Users\RAKIBU~1\AppData\Local\Temp\ccTqmaRc.ltrans0.ltrans.o
                                                  ./build/obj/crt1.o (symbol from plugin)
__textdata_base__                                 ./build/obj/crt0_v7m.o
_core_init                                        ./build/obj/chmemcore.o (symbol from plugin)
                                                  ./build/obj/chsys.o (symbol from plugin)
_crt0_entry                                       ./build/obj/crt0_v7m.o
                                                  ./build/obj/vectors.o
_factory_init                                     ./build/obj/chfactory.o (symbol from plugin)
                                                  ./build/obj/chsys.o (symbol from plugin)
_heap_init                                        ./build/obj/chmemheaps.o (symbol from plugin)
                                                  ./build/obj/chsys.o (symbol from plugin)
_mmcsd_get_capacity                               ./build/obj/hal_mmcsd.o (symbol from plugin)
                                                  ./build/obj/hal_sdc.o (symbol from plugin)
_mmcsd_get_capacity_ext                           ./build/obj/hal_mmcsd.o (symbol from plugin)
                                                  ./build/obj/hal_sdc.o (symbol from plugin)
_mmcsd_get_slice                                  ./build/obj/hal_mmcsd.o (symbol from plugin)
                                                  ./build/obj/hal_sdc.o (symbol from plugin)
_mmcsd_unpack_csd_mmc                             ./build/obj/hal_mmcsd.o (symbol from plugin)
_mmcsd_unpack_csd_v10                             ./build/obj/hal_mmcsd.o (symbol from plugin)
_mmcsd_unpack_csd_v20                             ./build/obj/hal_mmcsd.o (symbol from plugin)
_mmcsd_unpack_mmc_cid                             ./build/obj/hal_mmcsd.o (symbol from plugin)
_mmcsd_unpack_sdc_cid                             ./build/obj/hal_mmcsd.o (symbol from plugin)
_pal_lld_init                                     ./build/obj/hal_pal_lld.o (symbol from plugin)
                                                  ./build/obj/hal.o (symbol from plugin)
_pal_lld_setgroupmode                             ./build/obj/hal_pal_lld.o (symbol from plugin)
                                                  ./build/obj/main.o (symbol from plugin)
                                                  ./build/obj/hal_pal.o (symbol from plugin)
_port_exit_from_isr                               ./build/obj/chcoreasm_v7m.o
                                                  C:\Users\RAKIBU~1\AppData\Local\Temp\ccTqmaRc.ltrans0.ltrans.o
                                                  ./build/obj/chcore_v7m.o (symbol from plugin)
_port_irq_epilogue                                ./build/obj/chcore_v7m.o (symbol from plugin)
                                                  ./build/obj/hal_serial_lld.o (symbol from plugin)
                                                  ./build/obj/hal_st_lld.o (symbol from plugin)
                                                  ./build/obj/hal_sdc_lld.o (symbol from plugin)
                                                  ./build/obj/stm32_dma.o (symbol from plugin)
_port_switch                                      ./build/obj/chcoreasm_v7m.o
                                                  C:\Users\RAKIBU~1\AppData\Local\Temp\ccTqmaRc.ltrans0.ltrans.o
                                                  ./build/obj/chschd.o (symbol from plugin)
_port_switch_from_isr                             ./build/obj/chcoreasm_v7m.o
                                                  C:\Users\RAKIBU~1\AppData\Local\Temp\ccTqmaRc.ltrans0.ltrans.o
                                                  ./build/obj/chcore_v7m.o (symbol from plugin)
_port_thread_start                                ./build/obj/chcoreasm_v7m.o
                                                  C:\Users\RAKIBU~1\AppData\Local\Temp\ccTqmaRc.ltrans0.ltrans.o
                                                  ./build/obj/chthreads.o (symbol from plugin)
_scheduler_init                                   ./build/obj/chschd.o (symbol from plugin)
                                                  ./build/obj/chsys.o (symbol from plugin)
_sdc_wait_for_transfer_state                      ./build/obj/hal_sdc.o (symbol from plugin)
                                                  ./build/obj/hal_sdc_lld.o (symbol from plugin)
_stm32_dma_streams                                ./build/obj/stm32_dma.o (symbol from plugin)
_thread_init                                      ./build/obj/chthreads.o (symbol from plugin)
                                                  ./build/obj/chsys.o (symbol from plugin)
_tm_init                                          ./build/obj/chtm.o (symbol from plugin)
                                                  ./build/obj/chsys.o (symbol from plugin)
_unhandled_exception                              ./build/obj/vectors.o
_vectors                                          ./build/obj/vectors.o
                                                  ./build/obj/crt0_v7m.o
_vt_init                                          ./build/obj/chvt.o (symbol from plugin)
                                                  ./build/obj/chsys.o (symbol from plugin)
boardInit                                         ./build/obj/board.o (symbol from plugin)
                                                  ./build/obj/hal.o (symbol from plugin)
ch                                                ./build/obj/chschd.o (symbol from plugin)
                                                  ./build/obj/chmsg.o (symbol from plugin)
                                                  ./build/obj/chevents.o (symbol from plugin)
                                                  ./build/obj/chcond.o (symbol from plugin)
                                                  ./build/obj/chmtx.o (symbol from plugin)
                                                  ./build/obj/chsem.o (symbol from plugin)
                                                  ./build/obj/chregistry.o (symbol from plugin)
                                                  ./build/obj/chtm.o (symbol from plugin)
                                                  ./build/obj/chthreads.o (symbol from plugin)
                                                  ./build/obj/chvt.o (symbol from plugin)
                                                  ./build/obj/chsys.o (symbol from plugin)
chCacheGetObject                                  ./build/obj/chobjcaches.o (symbol from plugin)
chCacheObjectInit                                 ./build/obj/chobjcaches.o (symbol from plugin)
chCacheReadObject                                 ./build/obj/chobjcaches.o (symbol from plugin)
chCacheReleaseObjectI                             ./build/obj/chobjcaches.o (symbol from plugin)
chCacheWriteObject                                ./build/obj/chobjcaches.o (symbol from plugin)
chCondBroadcast                                   ./build/obj/chcond.o (symbol from plugin)
chCondBroadcastI                                  ./build/obj/chcond.o (symbol from plugin)
chCondObjectInit                                  ./build/obj/chcond.o (symbol from plugin)
chCondSignal                                      ./build/obj/chcond.o (symbol from plugin)
chCondSignalI                                     ./build/obj/chcond.o (symbol from plugin)
chCondWait                                        ./build/obj/chcond.o (symbol from plugin)
chCondWaitS                                       ./build/obj/chcond.o (symbol from plugin)
chCondWaitTimeout                                 ./build/obj/chcond.o (symbol from plugin)
chCondWaitTimeoutS                                ./build/obj/chcond.o (symbol from plugin)
chCoreAllocFromBase                               ./build/obj/chmemcore.o (symbol from plugin)
chCoreAllocFromBaseI                              ./build/obj/chmemcore.o (symbol from plugin)
chCoreAllocFromTop                                ./build/obj/chmemcore.o (symbol from plugin)
                                                  ./build/obj/chmemheaps.o (symbol from plugin)
chCoreAllocFromTopI                               ./build/obj/chmemcore.o (symbol from plugin)
                                                  ./build/obj/chfactory.o (symbol from plugin)
chCoreGetStatusX                                  ./build/obj/chmemcore.o (symbol from plugin)
chDelegateCallVeneer                              ./build/obj/chdelegates.o (symbol from plugin)
chDelegateDispatch                                ./build/obj/chdelegates.o (symbol from plugin)
chDelegateDispatchTimeout                         ./build/obj/chdelegates.o (symbol from plugin)
chEvtAddEvents                                    ./build/obj/chevents.o (symbol from plugin)
chEvtBroadcastFlags                               ./build/obj/chevents.o (symbol from plugin)
chEvtBroadcastFlagsI                              ./build/obj/chevents.o (symbol from plugin)
                                                  ./build/obj/hal_serial_lld.o (symbol from plugin)
                                                  ./build/obj/hal_serial.o (symbol from plugin)
chEvtDispatch                                     ./build/obj/chevents.o (symbol from plugin)
chEvtGetAndClearEvents                            ./build/obj/chevents.o (symbol from plugin)
chEvtGetAndClearEventsI                           ./build/obj/chevents.o (symbol from plugin)
[...]
f_closedir                                        ./build/obj/ff.o (symbol from plugin)
f_getfree                                         ./build/obj/ff.o (symbol from plugin)
f_lseek                                           ./build/obj/ff.o (symbol from plugin)
f_mkdir                                           ./build/obj/ff.o (symbol from plugin)
f_mount                                           ./build/obj/ff.o (symbol from plugin)
                                                  ./build/obj/main.o (symbol from plugin)
f_open                                            ./build/obj/ff.o (symbol from plugin)
                                                  ./build/obj/main.o (symbol from plugin)
f_opendir                                         ./build/obj/ff.o (symbol from plugin)
f_read                                            ./build/obj/ff.o (symbol from plugin)
                                                  ./build/obj/main.o (symbol from plugin)
f_readdir                                         ./build/obj/ff.o (symbol from plugin)
f_rename                                          ./build/obj/ff.o (symbol from plugin)
f_stat                                            ./build/obj/ff.o (symbol from plugin)
f_sync                                            ./build/obj/ff.o (symbol from plugin)
f_truncate                                        ./build/obj/ff.o (symbol from plugin)
f_unlink                                          ./build/obj/ff.o (symbol from plugin)
f_write                                           ./build/obj/ff.o (symbol from plugin)
ff_memalloc                                       ./build/obj/fatfs_syscall.o (symbol from plugin)
                                                  ./build/obj/ff.o (symbol from plugin)
ff_memfree                                        ./build/obj/fatfs_syscall.o (symbol from plugin)
                                                  ./build/obj/ff.o (symbol from plugin)
ff_oem2uni                                        ./build/obj/ffunicode.o (symbol from plugin)
                                                  ./build/obj/ff.o (symbol from plugin)
ff_uni2oem                                        ./build/obj/ffunicode.o (symbol from plugin)
                                                  ./build/obj/ff.o (symbol from plugin)
ff_wtoupper                                       ./build/obj/ffunicode.o (symbol from plugin)
                                                  ./build/obj/ff.o (symbol from plugin)
flashGetSectorOffset                              ./build/obj/hal_flash.o (symbol from plugin)
flashGetSectorSize                                ./build/obj/hal_flash.o (symbol from plugin)
flashWaitErase                                    ./build/obj/hal_flash.o (symbol from plugin)
get_fattime                                       ./build/obj/fatfs_diskio.o (symbol from plugin)
halInit                                           ./build/obj/hal.o (symbol from plugin)
                                                  ./build/obj/main.o (symbol from plugin)
hal_lld_init                                      ./build/obj/hal_lld.o (symbol from plugin)
                                                  ./build/obj/hal.o (symbol from plugin)
ibqGetEmptyBufferI                                ./build/obj/hal_buffers.o (symbol from plugin)
ibqGetFullBufferTimeout                           ./build/obj/hal_buffers.o (symbol from plugin)
ibqGetFullBufferTimeoutS                          ./build/obj/hal_buffers.o (symbol from plugin)
ibqGetTimeout                                     ./build/obj/hal_buffers.o (symbol from plugin)
ibqObjectInit                                     ./build/obj/hal_buffers.o (symbol from plugin)
ibqPostFullBufferI                                ./build/obj/hal_buffers.o (symbol from plugin)
ibqReadTimeout                                    ./build/obj/hal_buffers.o (symbol from plugin)
ibqReleaseEmptyBuffer                             ./build/obj/hal_buffers.o (symbol from plugin)
ibqReleaseEmptyBufferS                            ./build/obj/hal_buffers.o (symbol from plugin)
ibqResetI                                         ./build/obj/hal_buffers.o (symbol from plugin)
initSdCard                                        ./build/obj/main.o (symbol from plugin)
initUART                                          ./build/obj/main.o (symbol from plugin)
iqGetI                                            ./build/obj/hal_queues.o (symbol from plugin)
iqGetTimeout                                      ./build/obj/hal_queues.o (symbol from plugin)
                                                  ./build/obj/hal_serial.o (symbol from plugin)
iqObjectInit                                      ./build/obj/hal_queues.o (symbol from plugin)
                                                  ./build/obj/hal_serial.o (symbol from plugin)
iqPutI                                            ./build/obj/hal_queues.o (symbol from plugin)
                                                  ./build/obj/hal_serial.o (symbol from plugin)
iqReadI                                           ./build/obj/hal_queues.o (symbol from plugin)
iqReadTimeout                                     ./build/obj/hal_queues.o (symbol from plugin)
                                                  ./build/obj/hal_serial.o (symbol from plugin)
iqResetI                                          ./build/obj/hal_queues.o (symbol from plugin)
                                                  ./build/obj/hal_serial.o (symbol from plugin)
irqDeinit                                         ./build/obj/stm32_isr.o (symbol from plugin)
irqInit                                           ./build/obj/stm32_isr.o (symbol from plugin)
                                                  ./build/obj/hal_lld.o (symbol from plugin)
main                                              C:\Users\RAKIBU~1\AppData\Local\Temp\ccTqmaRc.ltrans0.ltrans.o
                                                  ./build/obj/main.o (symbol from plugin)
                                                  ./build/obj/crt0_v7m.o
memcpy                                            c:/chibistudio/tools/gnu tools arm embedded/7.0 2017q4/bin/../lib/gcc/arm-none-eabi/7.2.1/../../../../arm-none-eabi/lib/thumb/v7e-m\libg.a(lib_a-memcpy.o)
                                                  C:\Users\RAKIBU~1\AppData\Local\Temp\ccTqmaRc.ltrans0.ltrans.o
msObjectInit                                      ./build/obj/memstreams.o (symbol from plugin)
                                                  ./build/obj/chprintf.o (symbol from plugin)
myPrintf                                          ./build/obj/main.o (symbol from plugin)
nullObjectInit                                    ./build/obj/nullstreams.o (symbol from plugin)
nvicClearPending                                  ./build/obj/nvic.o (symbol from plugin)
nvicDisableVector                                 ./build/obj/nvic.o (symbol from plugin)
                                                  ./build/obj/hal_serial_lld.o (symbol from plugin)
                                                  ./build/obj/stm32_dma.o (symbol from plugin)
                                                  ./build/obj/stm32_isr.o (symbol from plugin)
nvicEnableVector                                  ./build/obj/nvic.o (symbol from plugin)
                                                  ./build/obj/hal_serial_lld.o (symbol from plugin)
                                                  ./build/obj/hal_st_lld.o (symbol from plugin)
                                                  ./build/obj/hal_sdc_lld.o (symbol from plugin)
                                                  ./build/obj/stm32_dma.o (symbol from plugin)
                                                  ./build/obj/stm32_isr.o (symbol from plugin)
nvicSetSystemHandlerPriority                      ./build/obj/nvic.o (symbol from plugin)
obqFlush                                          ./build/obj/hal_buffers.o (symbol from plugin)
obqGetEmptyBufferTimeout                          ./build/obj/hal_buffers.o (symbol from plugin)
obqGetEmptyBufferTimeoutS                         ./build/obj/hal_buffers.o (symbol from plugin)
obqGetFullBufferI                                 ./build/obj/hal_buffers.o (symbol from plugin)
obqObjectInit                                     ./build/obj/hal_buffers.o (symbol from plugin)
obqPostFullBuffer                                 ./build/obj/hal_buffers.o (symbol from plugin)
obqPostFullBufferS                                ./build/obj/hal_buffers.o (symbol from plugin)
obqPutTimeout                                     ./build/obj/hal_buffers.o (symbol from plugin)
obqReleaseEmptyBufferI                            ./build/obj/hal_buffers.o (symbol from plugin)
obqResetI                                         ./build/obj/hal_buffers.o (symbol from plugin)
obqTryFlushI                                      ./build/obj/hal_buffers.o (symbol from plugin)
obqWriteTimeout                                   ./build/obj/hal_buffers.o (symbol from plugin)
oqGetI                                            ./build/obj/hal_queues.o (symbol from plugin)
                                                  ./build/obj/hal_serial_lld.o (symbol from plugin)
                                                  ./build/obj/hal_serial.o (symbol from plugin)
oqObjectInit                                      ./build/obj/hal_queues.o (symbol from plugin)
                                                  ./build/obj/hal_serial.o (symbol from plugin)
oqPutI                                            ./build/obj/hal_queues.o (symbol from plugin)
oqPutTimeout                                      ./build/obj/hal_queues.o (symbol from plugin)
                                                  ./build/obj/hal_serial.o (symbol from plugin)
oqResetI                                          ./build/obj/hal_queues.o (symbol from plugin)
                                                  ./build/obj/hal_serial.o (symbol from plugin)
oqWriteI                                          ./build/obj/hal_queues.o (symbol from plugin)
oqWriteTimeout                                    ./build/obj/hal_queues.o (symbol from plugin)
                                                  ./build/obj/hal_serial.o (symbol from plugin)
palReadBus                                        ./build/obj/hal_pal.o (symbol from plugin)
palSetBusMode                                     ./build/obj/hal_pal.o (symbol from plugin)
palWriteBus                                       ./build/obj/hal_pal.o (symbol from plugin)
port_init                                         ./build/obj/chcore_v7m.o (symbol from plugin)
                                                  ./build/obj/chsys.o (symbol from plugin)
readBuff                                          ./build/obj/main.o (symbol from plugin)
sdControl                                         ./build/obj/hal_serial.o (symbol from plugin)
sdGetWouldBlock                                   ./build/obj/hal_serial.o (symbol from plugin)
sdIncomingDataI                                   ./build/obj/hal_serial.o (symbol from plugin)
                                                  ./build/obj/hal_serial_lld.o (symbol from plugin)
sdInit                                            ./build/obj/hal_serial.o (symbol from plugin)
                                                  ./build/obj/hal.o (symbol from plugin)
sdObjectInit                                      ./build/obj/hal_serial.o (symbol from plugin)
                                                  ./build/obj/hal_serial_lld.o (symbol from plugin)
sdPutWouldBlock                                   ./build/obj/hal_serial.o (symbol from plugin)
sdRequestDataI                                    ./build/obj/hal_serial.o (symbol from plugin)
sdStart                                           ./build/obj/hal_serial.o (symbol from plugin)
                                                  ./build/obj/main.o (symbol from plugin)
sdStop                                            ./build/obj/hal_serial.o (symbol from plugin)
sd_lld_init                                       ./build/obj/hal_serial_lld.o (symbol from plugin)
                                                  ./build/obj/hal_serial.o (symbol from plugin)
sd_lld_start                                      ./build/obj/hal_serial_lld.o (symbol from plugin)
                                                  ./build/obj/hal_serial.o (symbol from plugin)
sd_lld_stop                                       ./build/obj/hal_serial_lld.o (symbol from plugin)
                                                  ./build/obj/hal_serial.o (symbol from plugin)
sdcConnect                                        ./build/obj/hal_sdc.o (symbol from plugin)
                                                  ./build/obj/main.o (symbol from plugin)
sdcDisconnect                                     ./build/obj/hal_sdc.o (symbol from plugin)
sdcErase                                          ./build/obj/hal_sdc.o (symbol from plugin)
sdcGetAndClearErrors                              ./build/obj/hal_sdc.o (symbol from plugin)
sdcGetInfo                                        ./build/obj/hal_sdc.o (symbol from plugin)
sdcInit                                           ./build/obj/hal_sdc.o (symbol from plugin)
                                                  ./build/obj/main.o (symbol from plugin)
                                                  ./build/obj/hal.o (symbol from plugin)
sdcObjectInit                                     ./build/obj/hal_sdc.o (symbol from plugin)
                                                  ./build/obj/hal_sdc_lld.o (symbol from plugin)
sdcRead                                           ./build/obj/hal_sdc.o (symbol from plugin)
                                                  ./build/obj/fatfs_diskio.o (symbol from plugin)
sdcStart                                          ./build/obj/hal_sdc.o (symbol from plugin)
                                                  ./build/obj/main.o (symbol from plugin)
sdcStop                                           ./build/obj/hal_sdc.o (symbol from plugin)
sdcSync                                           ./build/obj/hal_sdc.o (symbol from plugin)
sdcWrite                                          ./build/obj/hal_sdc.o (symbol from plugin)
                                                  ./build/obj/fatfs_diskio.o (symbol from plugin)
sdc_lld_init                                      ./build/obj/hal_sdc_lld.o (symbol from plugin)
                                                  ./build/obj/hal_sdc.o (symbol from plugin)
sdc_lld_is_card_inserted                          ./build/obj/board.o (symbol from plugin)
                                                  ./build/obj/hal_sdc.o (symbol from plugin)
sdc_lld_is_write_protected                        ./build/obj/board.o (symbol from plugin)
                                                  ./build/obj/fatfs_diskio.o (symbol from plugin)
                                                  ./build/obj/hal_sdc.o (symbol from plugin)
sdc_lld_read                                      ./build/obj/hal_sdc_lld.o (symbol from plugin)
                                                  ./build/obj/hal_sdc.o (symbol from plugin)
sdc_lld_read_aligned                              ./build/obj/hal_sdc_lld.o (symbol from plugin)
sdc_lld_read_special                              ./build/obj/hal_sdc_lld.o (symbol from plugin)
                                                  ./build/obj/hal_sdc.o (symbol from plugin)
sdc_lld_send_cmd_long_crc                         ./build/obj/hal_sdc_lld.o (symbol from plugin)
                                                  ./build/obj/hal_sdc.o (symbol from plugin)
sdc_lld_send_cmd_none                             ./build/obj/hal_sdc_lld.o (symbol from plugin)
                                                  ./build/obj/hal_sdc.o (symbol from plugin)
sdc_lld_send_cmd_short                            ./build/obj/hal_sdc_lld.o (symbol from plugin)
                                                  ./build/obj/hal_sdc.o (symbol from plugin)
sdc_lld_send_cmd_short_crc                        ./build/obj/hal_sdc_lld.o (symbol from plugin)
                                                  ./build/obj/hal_sdc.o (symbol from plugin)
sdc_lld_set_bus_mode                              ./build/obj/hal_sdc_lld.o (symbol from plugin)
                                                  ./build/obj/hal_sdc.o (symbol from plugin)
sdc_lld_set_data_clk                              ./build/obj/hal_sdc_lld.o (symbol from plugin)
                                                  ./build/obj/hal_sdc.o (symbol from plugin)
sdc_lld_start                                     ./build/obj/hal_sdc_lld.o (symbol from plugin)
                                                  ./build/obj/hal_sdc.o (symbol from plugin)
sdc_lld_start_clk                                 ./build/obj/hal_sdc_lld.o (symbol from plugin)
                                                  ./build/obj/hal_sdc.o (symbol from plugin)
sdc_lld_stop                                      ./build/obj/hal_sdc_lld.o (symbol from plugin)
                                                  ./build/obj/hal_sdc.o (symbol from plugin)
sdc_lld_stop_clk                                  ./build/obj/hal_sdc_lld.o (symbol from plugin)
                                                  ./build/obj/hal_sdc.o (symbol from plugin)
sdc_lld_sync                                      ./build/obj/hal_sdc_lld.o (symbol from plugin)
                                                  ./build/obj/hal_sdc.o (symbol from plugin)
sdc_lld_write                                     ./build/obj/hal_sdc_lld.o (symbol from plugin)
                                                  ./build/obj/hal_sdc.o (symbol from plugin)
sdc_lld_write_aligned                             ./build/obj/hal_sdc_lld.o (symbol from plugin)
stGetAlarm                                        ./build/obj/hal_st.o (symbol from plugin)
stGetCounter                                      ./build/obj/hal_st.o (symbol from plugin)
                                                  ./build/obj/chthreads.o (symbol from plugin)
                                                  ./build/obj/chvt.o (symbol from plugin)
                                                  ./build/obj/chsys.o (symbol from plugin)
stInit                                            ./build/obj/hal_st.o (symbol from plugin)
                                                  ./build/obj/hal.o (symbol from plugin)
stIsAlarmActive                                   ./build/obj/hal_st.o (symbol from plugin)
stSetAlarm                                        ./build/obj/hal_st.o (symbol from plugin)
                                                  ./build/obj/chvt.o (symbol from plugin)
                                                  ./build/obj/chsys.o (symbol from plugin)
stStartAlarm                                      ./build/obj/hal_st.o (symbol from plugin)
                                                  ./build/obj/chvt.o (symbol from plugin)
stStopAlarm                                       ./build/obj/hal_st.o (symbol from plugin)
                                                  ./build/obj/chvt.o (symbol from plugin)
                                                  ./build/obj/chsys.o (symbol from plugin)
st_lld_init                                       ./build/obj/hal_st_lld.o (symbol from plugin)
                                                  ./build/obj/hal_st.o (symbol from plugin)
st_lld_serve_interrupt                            ./build/obj/hal_st_lld.o (symbol from plugin)
stm32_clock_init                                  ./build/obj/hal_lld.o (symbol from plugin)
                                                  ./build/obj/board.o (symbol from plugin)
